12-20 20:15:06.583  3030  3158 W NearbyFastPair: 	at com.google.android.gms.common.api.internal.BasePendingResult.o(:com.google.android.gms@254730035@25.47.30 (260400-833691957):35)
12-20 20:15:06.583  3030  3158 I NearbyFastPair: (REDACTED) WearApiRetryWrapper: retry#%s
12-20 20:15:06.596  3030  3141 W GoogleApiManager: Not showing notification since connectionResult is not user-facing: ConnectionResult{statusCode=API_UNAVAILABLE, resolution=null, message=null, clientMethodKey=null}
12-20 20:15:06.597  3030  3158 W NearbyFastPair: WearApiHelper: failed to get local node id [CONTEXT service_id=265 ]
12-20 20:15:06.597  3030  3158 W NearbyFastPair: java.util.concurrent.ExecutionException: bbkq: 17: API: Wearable.API is not available on this device. Connection failed with: ConnectionResult{statusCode=API_UNAVAILABLE, resolution=null, message=null, clientMethodKey=null}
12-20 20:15:06.597  3030  3158 W NearbyFastPair: Caused by: bbkq: 17: API: Wearable.API is not available on this device. Connection failed with: ConnectionResult{statusCode=API_UNAVAILABLE, resolution=null, message=null, clientMethodKey=null}
12-20 20:15:06.597  3030  3158 W NearbyFastPair: 	at com.google.android.gms.common.api.internal.BasePendingResult.u(:com.google.android.gms@254730035@25.47.30 (260400-833691957):72)
12-20 20:15:06.597  3030  3158 W NearbyFastPair: 	at com.google.android.gms.common.api.internal.BasePendingResult.o(:com.google.android.gms@254730035@25.47.30 (260400-833691957):35)
12-20 20:15:06.598  3030  3158 I NearbyFastPair: (REDACTED) WearApiRetryWrapper: retry#%s
12-20 20:15:06.601  3030  3141 W GoogleApiManager: Not showing notification since connectionResult is not user-facing: ConnectionResult{statusCode=API_UNAVAILABLE, resolution=null, message=null, clientMethodKey=null}
12-20 20:15:06.603  3030  3158 W NearbyFastPair: WearApiHelper: failed to get local node id [CONTEXT service_id=265 ]
12-20 20:15:06.603  3030  3158 W NearbyFastPair: java.util.concurrent.ExecutionException: bbkq: 17: API: Wearable.API is not available on this device. Connection failed with: ConnectionResult{statusCode=API_UNAVAILABLE, resolution=null, message=null, clientMethodKey=null}
12-20 20:15:06.603  3030  3158 W NearbyFastPair: Caused by: bbkq: 17: API: Wearable.API is not available on this device. Connection failed with: ConnectionResult{statusCode=API_UNAVAILABLE, resolution=null, message=null, clientMethodKey=null}
12-20 20:15:06.603  3030  3158 W NearbyFastPair: 	at com.google.android.gms.common.api.internal.BasePendingResult.u(:com.google.android.gms@254730035@25.47.30 (260400-833691957):72)
12-20 20:15:06.603  3030  3158 W NearbyFastPair: 	at com.google.android.gms.common.api.internal.BasePendingResult.o(:com.google.android.gms@254730035@25.47.30 (260400-833691957):35)
12-20 20:15:06.604  3030  3158 I NearbyFastPair: (REDACTED) WearApiRetryWrapper: retry#%s
12-20 20:15:06.604  1036 20371 I HYPER-HAL: [RequestManager.cpp]releaseLocked(): Released ID : 11085014
12-20 20:15:06.729  1439  1873 D NetdEventListenerService: DNS Requested by 144, 10352(com.instagram.android), 4(FAIL), isBlocked=true, 0ms
12-20 20:15:06.864  1036  1095 I HYPER-HAL: [RequestManager.cpp]acquire(): Acquired ID : 213965655  [20672 / 14]    HINT :      list : [USER_TARGET_FPS / 228010]
12-20 20:15:06.928 20092 20194 E AlexaAccessory: 	at io.reactivex.rxjava3.internal.operators.single.SingleTimeout$TimeoutMainObserver.run(Unknown Source:22)
12-20 20:15:07.060  1036  1095 I HYPER-HAL: [RequestManager.cpp]acquire(): Acquired ID : 213820867  [20672 / 7]    HINT :      list : [CPUMaxFreq / 1248000]
12-20 20:15:08.307  1036  1095 I HYPER-HAL: [RequestManager.cpp]acquire(): Acquired ID : 213820867  [20672 / 7]    HINT :      list : [CPUMaxFreq / 1056000]
12-20 20:15:09.547  1439  1669 D PowerManagerService: [api] userActivityFromNative : touch displayId=0 eventTime=155136126
12-20 20:15:09.548  1439  1506 I GestureDetector: obtain mCurrentDownEvent. id: 194367615 caller: com.android.server.wm.SystemGesturesPointerEventListener.onPointerEvent:17 com.android.server.wm.PointerEventDispatcher.onInputEvent:51 android.view.InputEventReceiver.dispatchInputEvent:392
12-20 20:15:09.548  1439  1506 I GestureDetector: obtain mCurrentDownEvent. id: 194367615 caller: com.android.server.wm.SystemPerformancePointerEventListener.onPointerEvent:13 com.android.server.wm.PointerEventDispatcher.onInputEvent:51 android.view.InputEventReceiver.dispatchInputEvent:392
12-20 20:15:09.550  1036  1095 I HYPER-HAL: [RequestManager.cpp]acquire(): Acquired ID : 11085014  [4680 / 28]    HINT :      list : [TABoost / 1] [TIMEOUT / 1500]
12-20 20:15:09.560  1036  1095 I HYPER-HAL: [RequestManager.cpp]acquire(): Acquired ID : 213820867  [20672 / 7]    HINT :      list : [CPUMaxFreq / 1248000]
12-20 20:15:09.831 20672  5057 I GOS:GosService: requestWithJson(), command=perf_data_simple_request, caller=com.samsung.android.game.gametools, param={"params":[{"param":"temp_pst","agg_mode":0,"rate":100},{"param":"fps","agg_mode":0,"rate":100},{"param":"memory","agg_mode":0,"rate":100},{"param":"temp_lrpst","agg_mode":0,"rate":100},{"param":"temp_ap","agg_mode":0,"rate":100},{"param":"latency","agg_mode":0,"rate":100},{"param":"game_fps","agg_mode":0,"rate":100},{"param":"cpu_utilization_1","agg_mode":0,"rate":100},{"param":"cpu_utilization_2","agg_mode":0,"rate":100},{"param":"cpu_utilization_3","agg_mode":0,"rate":100},{"param":"gpu_utilization","agg_mode":0,"rate":100},{"param":"batt_prediction","agg_mode":0,"rate":100},{"param":"batt_prediction_benefit","agg_mode":0,"rate":100},{"param":"batt_prediction_benefit_percent","agg_mode":0,"rate":100},{"param":"batt_prediction_benefit_percent_low","agg_mode":0,"rate":100}],"session":-1,"start":-100,"end":0}
12-20 20:15:09.861  1036  1095 I HYPER-HAL: [RequestManager.cpp]acquire(): Acquired ID : 213965655  [20672 / 14]    HINT :      list : [USER_TARGET_FPS / 223914]
12-20 20:15:10.156  1036  1095 I HYPER-HAL: [RequestManager.cpp]acquire(): Acquired ID : 213820867  [20672 / 7]    HINT :      list : [CPUMaxFreq / 1440000]
12-20 20:15:10.709  1036  1095 I HYPER-HAL: [RequestManager.cpp]acquire(): Acquired ID : 213820867  [20672 / 7]    HINT :      list : [CPUMaxFreq / 1632000]
12-20 20:15:11.053  1036 20421 I HYPER-HAL: [RequestManager.cpp]releaseLocked(): Released ID : 11085014
12-20 20:15:11.862  1036  1095 I HYPER-HAL: [RequestManager.cpp]acquire(): Acquired ID : 213965655  [20672 / 14]    HINT :      list : [USER_TARGET_FPS / 228010]
12-20 20:15:12.330  1439  1873 D NetdEventListenerService: DNS Requested by 144, 10352(com.instagram.android), 4(FAIL), isBlocked=true, 0ms
12-20 20:15:12.337  1439  1873 D NetdEventListenerService: DNS Requested by 144, 10352(com.instagram.android), 4(FAIL), isBlocked=true, 0ms
12-20 20:15:12.557  1036  1095 I HYPER-HAL: [RequestManager.cpp]acquire(): Acquired ID : 213820867  [20672 / 7]    HINT :      list : [CPUMaxFreq / 1440000]
12-20 20:15:13.004  1439  1873 D NetdEventListenerService: DNS Requested by 144, 10352(com.instagram.android), 4(FAIL), isBlocked=true, 0ms
12-20 20:15:13.309  1036  1095 I HYPER-HAL: [RequestManager.cpp]acquire(): Acquired ID : 213820867  [20672 / 7]    HINT :      list : [CPUMaxFreq / 1248000]
12-20 20:15:13.422 22642 22824 V CpEventLog(u10): [P] cp_state: [                  request = {} ]
12-20 20:15:13.860  1036  1095 I HYPER-HAL: [RequestManager.cpp]acquire(): Acquired ID : 213965655  [20672 / 14]    HINT :      list : [USER_TARGET_FPS / 223914]
12-20 20:15:13.880  1439  9405 D system_server: mAFPC_Read - w = 1080, h = 2340, s = 8, f = 4, s_size = 10183680, luminance = 187, count = 191, captureOrientation = 0
12-20 20:15:14.242  1439  1873 D NetdEventListenerService: DNS Requested by 144, 10352(com.instagram.android), 4(FAIL), isBlocked=true, 0ms
12-20 20:15:14.706  1439  1873 D NetdEventListenerService: DNS Requested by 144, 10045(com.run.tower.defense), SUCCESS, 19ms
12-20 20:15:14.832 20672  5057 I GOS:GosService: requestWithJson(), command=perf_data_simple_request, caller=com.samsung.android.game.gametools, param={"params":[{"param":"temp_pst","agg_mode":0,"rate":100},{"param":"fps","agg_mode":0,"rate":100},{"param":"memory","agg_mode":0,"rate":100},{"param":"temp_lrpst","agg_mode":0,"rate":100},{"param":"temp_ap","agg_mode":0,"rate":100},{"param":"latency","agg_mode":0,"rate":100},{"param":"game_fps","agg_mode":0,"rate":100},{"param":"cpu_utilization_1","agg_mode":0,"rate":100},{"param":"cpu_utilization_2","agg_mode":0,"rate":100},{"param":"cpu_utilization_3","agg_mode":0,"rate":100},{"param":"gpu_utilization","agg_mode":0,"rate":100},{"param":"batt_prediction","agg_mode":0,"rate":100},{"param":"batt_prediction_benefit","agg_mode":0,"rate":100},{"param":"batt_prediction_benefit_percent","agg_mode":0,"rate":100},{"param":"batt_prediction_benefit_percent_low","agg_mode":0,"rate":100}],"session":-1,"start":-100,"end":0}
12-20 20:15:14.851   738   738 D io_stats: !@ Read_top(KB): system_server(1439) 68 ndroid.systemui(1969) 60 sait.sohservice(10940) 12
12-20 20:15:14.851   738   738 D io_stats: !@ Write_top(KB): kworker/u16:0(3590) 4900 system_server(1439) 20 chbox:googleapp(30486) 4
12-20 20:15:14.864  1036  1095 I HYPER-HAL: [RequestManager.cpp]acquire(): Acquired ID : 213965655  [20672 / 14]    HINT :      list : [USER_TARGET_FPS / 228010]
12-20 20:15:15.043  1069  1069 D SurfaceFlinger: GPIS:: requestGpisForSFSluggish
12-20 20:15:15.865  1036  1095 I HYPER-HAL: [RequestManager.cpp]acquire(): Acquired ID : 213965655  [20672 / 14]    HINT :      list : [USER_TARGET_FPS / 223914]
12-20 20:15:17.534  1439  1669 D PowerManagerService: [api] userActivityFromNative : touch displayId=0 eventTime=155144112
12-20 20:15:17.535  1439  1506 I GestureDetector: obtain mCurrentDownEvent. id: 512229028 caller: com.android.server.wm.SystemGesturesPointerEventListener.onPointerEvent:17 com.android.server.wm.PointerEventDispatcher.onInputEvent:51 android.view.InputEventReceiver.dispatchInputEvent:392
12-20 20:15:17.536  1439  1506 I GestureDetector: obtain mCurrentDownEvent. id: 512229028 caller: com.android.server.wm.SystemPerformancePointerEventListener.onPointerEvent:13 com.android.server.wm.PointerEventDispatcher.onInputEvent:51 android.view.InputEventReceiver.dispatchInputEvent:392
12-20 20:15:17.536  1036  1095 I HYPER-HAL: [RequestManager.cpp]acquire(): Acquired ID : 11085014  [4680 / 28]    HINT :      list : [TABoost / 1] [TIMEOUT / 1500]
12-20 20:15:17.707  1036  1095 I HYPER-HAL: [RequestManager.cpp]acquire(): Acquired ID : 213820867  [20672 / 7]    HINT :      list : [CPUMaxFreq / 1440000]
12-20 20:15:17.858  1036  1095 I HYPER-HAL: [RequestManager.cpp]acquire(): Acquired ID : 213820867  [20672 / 7]    HINT :      list : [CPUMaxFreq / 2016000]
12-20 20:15:17.956  1036  1095 I HYPER-HAL: [RequestManager.cpp]releaseLocked(): Released ID : 213820867
12-20 20:15:18.029 32391 32428 V CpEventLog(u150): [P] cp_state: [                  request = {} ]
12-20 20:15:18.057  1036  1095 I HYPER-HAL: [RequestManager.cpp]acquire(): Acquired ID : 213820867  [20672 / 7]    HINT :      list : [CPUMaxFreq / 2016000]
12-20 20:15:18.618  1439  1669 D PowerManagerService: [api] userActivityFromNative : touch displayId=0 eventTime=155145197
12-20 20:15:18.620  1036  1095 I HYPER-HAL: [RequestManager.cpp]acquire(): Acquired ID : 11085014  [4680 / 28]    HINT :      list : [TABoost / 1] [TIMEOUT / 1500]
12-20 20:15:18.620  1439  1506 I GestureDetector: obtain mCurrentDownEvent. id: 480408954 caller: com.android.server.wm.SystemGesturesPointerEventListener.onPointerEvent:17 com.android.server.wm.PointerEventDispatcher.onInputEvent:51 android.view.InputEventReceiver.dispatchInputEvent:392
12-20 20:15:18.620  1439  1506 I GestureDetector: obtain mCurrentDownEvent. id: 480408954 caller: com.android.server.wm.SystemPerformancePointerEventListener.onPointerEvent:13 com.android.server.wm.PointerEventDispatcher.onInputEvent:51 android.view.InputEventReceiver.dispatchInputEvent:392
12-20 20:15:18.956  1036  1095 I HYPER-HAL: [RequestManager.cpp]acquire(): Acquired ID : 213820867  [20672 / 7]    HINT :      list : [CPUMaxFreq / 1824000]
12-20 20:15:19.224  1036  1095 I HYPER-HAL: [RequestManager.cpp]acquire(): Acquired ID : 11085014  [4680 / 28]    HINT :      list : [TABoost / 1] [TIMEOUT / 1500]
12-20 20:15:19.224  1439  1506 I GestureDetector: obtain mCurrentDownEvent. id: 466018612 caller: com.android.server.wm.SystemGesturesPointerEventListener.onPointerEvent:17 com.android.server.wm.PointerEventDispatcher.onInputEvent:51 android.view.InputEventReceiver.dispatchInputEvent:392
12-20 20:15:19.225  1439  1506 I GestureDetector: obtain mCurrentDownEvent. id: 466018612 caller: com.android.server.wm.SystemPerformancePointerEventListener.onPointerEvent:13 com.android.server.wm.PointerEventDispatcher.onInputEvent:51 android.view.InputEventReceiver.dispatchInputEvent:392
12-20 20:15:19.430  1439  1852 D WifiConnectivityMonitor.NetworkStatsAnalyzer: DNS resultType : 0, responseTime : 204
12-20 20:15:19.506  1036  1095 I HYPER-HAL: [RequestManager.cpp]acquire(): Acquired ID : 213820867  [20672 / 7]    HINT :      list : [CPUMaxFreq / 1632000]
12-20 20:15:19.547  1439  1873 D NetdEventListenerService: DNS Requested by 144, 10352(com.instagram.android), 4(FAIL), isBlocked=true, 0ms
12-20 20:15:19.556  1036  1095 I HYPER-HAL: [RequestManager.cpp]acquire(): Acquired ID : 213820867  [20672 / 7]    HINT :      list : [CPUMaxFreq / 2016000]
12-20 20:15:19.556  1439  1873 D NetdEventListenerService: DNS Requested by 144, 10352(com.instagram.android), 4(FAIL), isBlocked=true, 0ms
12-20 20:15:19.806  1036  1095 I HYPER-HAL: [RequestManager.cpp]acquire(): Acquired ID : 213820867  [20672 / 7]    HINT :      list : [CPUMaxFreq / 1632000]
12-20 20:15:19.832 20672  5057 I GOS:GosService: requestWithJson(), command=perf_data_simple_request, caller=com.samsung.android.game.gametools, param={"params":[{"param":"temp_pst","agg_mode":0,"rate":100},{"param":"fps","agg_mode":0,"rate":100},{"param":"memory","agg_mode":0,"rate":100},{"param":"temp_lrpst","agg_mode":0,"rate":100},{"param":"temp_ap","agg_mode":0,"rate":100},{"param":"latency","agg_mode":0,"rate":100},{"param":"game_fps","agg_mode":0,"rate":100},{"param":"cpu_utilization_1","agg_mode":0,"rate":100},{"param":"cpu_utilization_2","agg_mode":0,"rate":100},{"param":"cpu_utilization_3","agg_mode":0,"rate":100},{"param":"gpu_utilization","agg_mode":0,"rate":100},{"param":"batt_prediction","agg_mode":0,"rate":100},{"param":"batt_prediction_benefit","agg_mode":0,"rate":100},{"param":"batt_prediction_benefit_percent","agg_mode":0,"rate":100},{"param":"batt_prediction_benefit_percent_low","agg_mode":0,"rate":100}],"session":-1,"start":-100,"end":0}
12-20 20:15:20.077  1069  1069 D SurfaceFlinger: GPIS:: requestGpisForSFSluggish
12-20 20:15:20.160  1036  1095 I HYPER-HAL: [RequestManager.cpp]acquire(): Acquired ID : 213820867  [20672 / 7]    HINT :      list : [CPUMaxFreq / 1440000]
12-20 20:15:20.202  1439  1669 D PowerManagerService: [api] userActivityFromNative : touch displayId=0 eventTime=155146780
12-20 20:15:20.202  1439  1506 I GestureDetector: obtain mCurrentDownEvent. id: 752279734 caller: com.android.server.wm.SystemGesturesPointerEventListener.onPointerEvent:17 com.android.server.wm.PointerEventDispatcher.onInputEvent:51 android.view.InputEventReceiver.dispatchInputEvent:392
12-20 20:15:20.203  1439  1506 I GestureDetector: obtain mCurrentDownEvent. id: 752279734 caller: com.android.server.wm.SystemPerformancePointerEventListener.onPointerEvent:13 com.android.server.wm.PointerEventDispatcher.onInputEvent:51 android.view.InputEventReceiver.dispatchInputEvent:392
12-20 20:15:20.204  1036  1095 I HYPER-HAL: [RequestManager.cpp]acquire(): Acquired ID : 11085014  [4680 / 28]    HINT :      list : [TABoost / 1] [TIMEOUT / 1500]
12-20 20:15:20.306  1036  1095 I HYPER-HAL: [RequestManager.cpp]acquire(): Acquired ID : 213820867  [20672 / 7]    HINT :      list : [CPUMaxFreq / 1824000]
12-20 20:15:20.348  1439  1873 D NetdEventListenerService: DNS Requested by 144, 10352(com.instagram.android), 4(FAIL), isBlocked=true, 0ms
12-20 20:15:20.624  1439  1873 D NetdEventListenerService: DNS Requested by 144, 10352(com.instagram.android), 4(FAIL), isBlocked=true, 0ms
12-20 20:15:20.773  1439  1506 I GestureDetector: obtain mCurrentDownEvent. id: 514205833 caller: com.android.server.wm.SystemGesturesPointerEventListener.onPointerEvent:17 com.android.server.wm.PointerEventDispatcher.onInputEvent:51 android.view.InputEventReceiver.dispatchInputEvent:392
12-20 20:15:20.773  1036  1095 I HYPER-HAL: [RequestManager.cpp]acquire(): Acquired ID : 11085014  [4680 / 28]    HINT :      list : [TABoost / 1] [TIMEOUT / 1500]
12-20 20:15:20.774  1439  1506 I GestureDetector: obtain mCurrentDownEvent. id: 514205833 caller: com.android.server.wm.SystemPerformancePointerEventListener.onPointerEvent:13 com.android.server.wm.PointerEventDispatcher.onInputEvent:51 android.view.InputEventReceiver.dispatchInputEvent:392
12-20 20:15:21.158  1036  1095 I HYPER-HAL: [RequestManager.cpp]acquire(): Acquired ID : 213820867  [20672 / 7]    HINT :      list : [CPUMaxFreq / 2400000]
12-20 20:15:21.356  1036  1095 I HYPER-HAL: [RequestManager.cpp]acquire(): Acquired ID : 213820867  [20672 / 7]    HINT :      list : [CPUMaxFreq / 1632000]
12-20 20:15:21.730  1439  1669 D PowerManagerService: [api] userActivityFromNative : touch displayId=0 eventTime=155148308
12-20 20:15:21.730  1439  1506 I GestureDetector: obtain mCurrentDownEvent. id: 617885760 caller: com.android.server.wm.SystemGesturesPointerEventListener.onPointerEvent:17 com.android.server.wm.PointerEventDispatcher.onInputEvent:51 android.view.InputEventReceiver.dispatchInputEvent:392
12-20 20:15:21.730  1439  1506 I GestureDetector: obtain mCurrentDownEvent. id: 617885760 caller: com.android.server.wm.SystemPerformancePointerEventListener.onPointerEvent:13 com.android.server.wm.PointerEventDispatcher.onInputEvent:51 android.view.InputEventReceiver.dispatchInputEvent:392
12-20 20:15:21.732  1036  1095 I HYPER-HAL: [RequestManager.cpp]acquire(): Acquired ID : 11085014  [4680 / 28]    HINT :      list : [TABoost / 1] [TIMEOUT / 1500]
12-20 20:15:21.916  1439  1873 D NetdEventListenerService: DNS Requested by 144, 10352(com.instagram.android), 4(FAIL), isBlocked=true, 0ms
12-20 20:15:21.927  1439  1873 D NetdEventListenerService: DNS Requested by 144, 10352(com.instagram.android), 4(FAIL), isBlocked=true, 0ms
12-20 20:15:22.351  1439  1506 I GestureDetector: obtain mCurrentDownEvent. id: 1060576330 caller: com.android.server.wm.SystemGesturesPointerEventListener.onPointerEvent:17 com.android.server.wm.PointerEventDispatcher.onInputEvent:51 android.view.InputEventReceiver.dispatchInputEvent:392
12-20 20:15:22.351  1439  1506 I GestureDetector: obtain mCurrentDownEvent. id: 1060576330 caller: com.android.server.wm.SystemPerformancePointerEventListener.onPointerEvent:13 com.android.server.wm.PointerEventDispatcher.onInputEvent:51 android.view.InputEventReceiver.dispatchInputEvent:392
12-20 20:15:22.352  1036  1095 I HYPER-HAL: [RequestManager.cpp]acquire(): Acquired ID : 11085014  [4680 / 28]    HINT :      list : [TABoost / 1] [TIMEOUT / 1500]
12-20 20:15:22.506  1036  1095 I HYPER-HAL: [RequestManager.cpp]acquire(): Acquired ID : 213820867  [20672 / 7]    HINT :      list : [CPUMaxFreq / 1440000]
12-20 20:15:22.859  1036  1095 I HYPER-HAL: [RequestManager.cpp]acquire(): Acquired ID : 213965655  [20672 / 14]    HINT :      list : [USER_TARGET_FPS / 228010]
12-20 20:15:23.279  1439  1506 I GestureDetector: obtain mCurrentDownEvent. id: 99432904 caller: com.android.server.wm.SystemGesturesPointerEventListener.onPointerEvent:17 com.android.server.wm.PointerEventDispatcher.onInputEvent:51 android.view.InputEventReceiver.dispatchInputEvent:392
12-20 20:15:23.279  1439  1506 I GestureDetector: obtain mCurrentDownEvent. id: 99432904 caller: com.android.server.wm.SystemPerformancePointerEventListener.onPointerEvent:13 com.android.server.wm.PointerEventDispatcher.onInputEvent:51 android.view.InputEventReceiver.dispatchInputEvent:392
12-20 20:15:23.279  1439  1669 D PowerManagerService: [api] userActivityFromNative : touch displayId=0 eventTime=155149857
12-20 20:15:23.281  1036  1095 I HYPER-HAL: [RequestManager.cpp]acquire(): Acquired ID : 11085014  [4680 / 28]    HINT :      list : [TABoost / 1] [TIMEOUT / 1500]
12-20 20:15:23.858  1036  1095 I HYPER-HAL: [RequestManager.cpp]acquire(): Acquired ID : 213965655  [20672 / 14]    HINT :      list : [USER_TARGET_FPS / 223914]
12-20 20:15:23.914  1439  1506 I GestureDetector: obtain mCurrentDownEvent. id: 261579941 caller: com.android.server.wm.SystemGesturesPointerEventListener.onPointerEvent:17 com.android.server.wm.PointerEventDispatcher.onInputEvent:51 android.view.InputEventReceiver.dispatchInputEvent:392
12-20 20:15:23.915  1439  1506 I GestureDetector: obtain mCurrentDownEvent. id: 261579941 caller: com.android.server.wm.SystemPerformancePointerEventListener.onPointerEvent:13 com.android.server.wm.PointerEventDispatcher.onInputEvent:51 android.view.InputEventReceiver.dispatchInputEvent:392
12-20 20:15:23.916  1036  1095 I HYPER-HAL: [RequestManager.cpp]acquire(): Acquired ID : 11085014  [4680 / 28]    HINT :      list : [TABoost / 1] [TIMEOUT / 1500]
12-20 20:15:24.011  1439  1625 W ProcessStats: Tracking association SourceState{d4df486 com.android.bluetooth/1002 ImpFg #883426} whose proc state 5 is better than process ProcessState{336e5e8 com.samsung.android.mcfserver/10109 pkg=com.samsung.android.mcfserver} proc state 8 (3 skipped)
12-20 20:15:24.308  1036  1095 I HYPER-HAL: [RequestManager.cpp]acquire(): Acquired ID : 213820867  [20672 / 7]    HINT :      list : [CPUMaxFreq / 1824000]
12-20 20:15:24.834 20672  5057 I GOS:GosService: requestWithJson(), command=perf_data_simple_request, caller=com.samsung.android.game.gametools, param={"params":[{"param":"temp_pst","agg_mode":0,"rate":100},{"param":"fps","agg_mode":0,"rate":100},{"param":"memory","agg_mode":0,"rate":100},{"param":"temp_lrpst","agg_mode":0,"rate":100},{"param":"temp_ap","agg_mode":0,"rate":100},{"param":"latency","agg_mode":0,"rate":100},{"param":"game_fps","agg_mode":0,"rate":100},{"param":"cpu_utilization_1","agg_mode":0,"rate":100},{"param":"cpu_utilization_2","agg_mode":0,"rate":100},{"param":"cpu_utilization_3","agg_mode":0,"rate":100},{"param":"gpu_utilization","agg_mode":0,"rate":100},{"param":"batt_prediction","agg_mode":0,"rate":100},{"param":"batt_prediction_benefit","agg_mode":0,"rate":100},{"param":"batt_prediction_benefit_percent","agg_mode":0,"rate":100},{"param":"batt_prediction_benefit_percent_low","agg_mode":0,"rate":100}],"session":-1,"start":-100,"end":0}
12-20 20:15:24.885  1439  1669 D PowerManagerService: [api] userActivityFromNative : touch displayId=0 eventTime=155151463
12-20 20:15:24.886  1439  1506 I GestureDetector: obtain mCurrentDownEvent. id: 112425650 caller: com.android.server.wm.SystemGesturesPointerEventListener.onPointerEvent:17 com.android.server.wm.PointerEventDispatcher.onInputEvent:51 android.view.InputEventReceiver.dispatchInputEvent:392
12-20 20:15:24.886  1439  1506 I GestureDetector: obtain mCurrentDownEvent. id: 112425650 caller: com.android.server.wm.SystemPerformancePointerEventListener.onPointerEvent:13 com.android.server.wm.PointerEventDispatcher.onInputEvent:51 android.view.InputEventReceiver.dispatchInputEvent:392
12-20 20:15:24.889  1036  1095 I HYPER-HAL: [RequestManager.cpp]acquire(): Acquired ID : 11085014  [4680 / 28]    HINT :      list : [TABoost / 1] [TIMEOUT / 1500]
