KINGSHOT NETWORK TRAFFIC CAPTURE
Captured at: 2025-12-20 20:15:27
Duration: 60 seconds
======================================================================

DISCOVERED URLs:
----------------------------------------------------------------------
  - https://d7ae3d206ce5366b0f0105dc74e8b013274baf9c15fd9588c12a576fa3ac95c.us-east-1.prod.service.minerva.devices.a2z.com:443/metric-batch

FULL CAPTURE LOG:
----------------------------------------------------------------------
12-20 20:14:25.007  1036  1095 I HYPER-HAL: [RequestManager.cpp]acquire(): Acquired ID : 213820867  [20672 / 7]    HINT :      list : [CPUMaxFreq / 1248000]
12-20 20:14:25.450 31595 31595 D BoundBrokerSvc: onUnbind: Intent { act=com.google.android.gms.common.telemetry.service.START dat=chimera-action:/... xflg=0x4 cmp=com.google.android.gms/.chimera.PersistentApiService }
12-20 20:14:25.953  1069  1069 D SurfaceFlinger: GPIS:: requestGpisForSFSluggish
12-20 20:14:27.864  1036  1095 I HYPER-HAL: [RequestManager.cpp]acquire(): Acquired ID : 213965655  [20672 / 14]    HINT :      list : [USER_TARGET_FPS / 236201]
12-20 20:14:28.864  1036  1095 I HYPER-HAL: [RequestManager.cpp]acquire(): Acquired ID : 213965655  [20672 / 14]    HINT :      list : [USER_TARGET_FPS / 240297]
12-20 20:14:29.016  1439  1873 D NetdEventListenerService: DNS Requested by 144, 10352(com.instagram.android), 4(FAIL), isBlocked=true, 0ms
12-20 20:14:29.026  1439  1873 D NetdEventListenerService: DNS Requested by 144, 10352(com.instagram.android), 4(FAIL), isBlocked=true, 0ms
12-20 20:14:29.031  1439  1873 D NetdEventListenerService: DNS Requested by 144, 10352(com.instagram.android), 4(FAIL), isBlocked=true, 0ms
12-20 20:14:29.164  1439  1658 D ActivityManager: Received BROADCAST intent 0x35fd95f Key{broadcastIntent pkg=com.google.android.gms/com.google.android.gms.location_base intent=act=com.google.android.location.ALARM_WAKEUP_ACTIVITY_DETECTION xflg=0x4 flags=0x4000000 u=0} requestCode=0 sent=0 from uid 1000
12-20 20:14:29.173  1439  1658 D ActivityManager: Received BROADCAST intent 0x84fec91 Key{broadcastIntent pkg=com.samsung.android.rubin.app intent=act=com.samsung.android.rubin.controller.keepaliveservice.ACTION_SERVICE_ALARM xflg=0x4 pkg=com.samsung.android.rubin.app cmp=com.samsung.android.rubin.app/com.samsung.android.rubin.controller.services.KeepAliveService$AlarmBroadcastReceiver flags=0x4000000 u=0} requestCode=1 sent=0 from uid 1000
12-20 20:14:29.271  1439  2914 D ActivityManager: Received SERVICE intent 0x9b7bd9f Key{startService pkg=com.google.android.gms/fused_location_provider intent=act=com.google.android.gms.location.util.nlp.RESULT cat=[targeted_intent_op_prefix:.location.util.nlp.NlpInternalApi$NlpReceiverIntentOperation] xflg=0x4 cmp=com.google.android.gms/.chimera.PersistentIntentOperationService flags=0x2000000 u=0} requestCode=0 from uid 10235
12-20 20:14:29.281  1439  2908 D ActivityManager: Received SERVICE intent 0xb23fd7b Key{startService pkg=com.google.android.gms/current_semantic_location intent=act=com.google.android.gms.semanticlocation.ACTION_ACTIVITY xflg=0x4 cmp=com.google.android.gms/.semanticlocation.service.SemanticLocationService flags=0x2000000 u=0} requestCode=0 from uid 10235
12-20 20:14:29.295  1439  2908 D ActivityManager: Received SERVICE intent 0x8fd63e Key{startService pkg=com.google.android.gms/com.google.android.gms.location_base intent=act=com.google.android.location.internal.action.AR_TRANSITION_RESULT xflg=0x4 pkg=com.google.android.gms cmp=com.google.android.gms/com.google.android.location.internal.PendingIntentCallbackService flags=0x2000000 u=0} requestCode=0 from uid 10235
12-20 20:14:29.302  8362  8362 D BoundBrokerSvc: onRebind: Intent { act=com.google.android.gms.auth.aang.events.services.START dat=chimera-action:/... xflg=0x4 cmp=com.google.android.gms/.chimera.PersistentApiService }
12-20 20:14:29.412  1439  1669 D PowerManagerService: [api] userActivityFromNative : touch displayId=0 eventTime=155095991
12-20 20:14:29.414  1439  1506 I GestureDetector: obtain mCurrentDownEvent. id: 535789329 caller: com.android.server.wm.SystemGesturesPointerEventListener.onPointerEvent:17 com.android.server.wm.PointerEventDispatcher.onInputEvent:51 android.view.InputEventReceiver.dispatchInputEvent:392
12-20 20:14:29.414  1439  1506 I GestureDetector: obtain mCurrentDownEvent. id: 535789329 caller: com.android.server.wm.SystemPerformancePointerEventListener.onPointerEvent:13 com.android.server.wm.PointerEventDispatcher.onInputEvent:51 android.view.InputEventReceiver.dispatchInputEvent:392
12-20 20:14:29.418  1439  1439 I MdnieScenarioControlService: action  :  com.samsung.server.PowerManagerService.action.USER_ACTIVITY
12-20 20:14:29.418  1439  1439 D PowerManagerService: [api] setScreenDimDurationOverrideFromSqdInternal: mScreenDimDurationOverrideFromSQD: -1
12-20 20:14:29.419  1036  1095 I HYPER-HAL: [RequestManager.cpp]acquire(): Acquired ID : 11085014  [4680 / 28]    HINT :      list : [TABoost / 1] [TIMEOUT / 1500]
12-20 20:14:29.827 20672  5057 I GOS:GosService: requestWithJson(), command=perf_data_simple_request, caller=com.samsung.android.game.gametools, param={"params":[{"param":"temp_pst","agg_mode":0,"rate":100},{"param":"fps","agg_mode":0,"rate":100},{"param":"memory","agg_mode":0,"rate":100},{"param":"temp_lrpst","agg_mode":0,"rate":100},{"param":"temp_ap","agg_mode":0,"rate":100},{"param":"latency","agg_mode":0,"rate":100},{"param":"game_fps","agg_mode":0,"rate":100},{"param":"cpu_utilization_1","agg_mode":0,"rate":100},{"param":"cpu_utilization_2","agg_mode":0,"rate":100},{"param":"cpu_utilization_3","agg_mode":0,"rate":100},{"param":"gpu_utilization","agg_mode":0,"rate":100},{"param":"batt_prediction","agg_mode":0,"rate":100},{"param":"batt_prediction_benefit","agg_mode":0,"rate":100},{"param":"batt_prediction_benefit_percent","agg_mode":0,"rate":100},{"param":"batt_prediction_benefit_percent_low","agg_mode":0,"rate":100}],"session":-1,"start":-100,"end":0}
12-20 20:14:29.906  1036  1095 I HYPER-HAL: [RequestManager.cpp]acquire(): Acquired ID : 213820867  [20672 / 7]    HINT :      list : [CPUMaxFreq / 2016000]
12-20 20:14:29.956  1036  1095 I HYPER-HAL: [RequestManager.cpp]acquire(): Acquired ID : 213820867  [20672 / 7]    HINT :      list : [CPUMaxFreq / 1632000]
12-20 20:14:30.017  1439  1873 D NetdEventListenerService: DNS Requested by 144, 10352(com.instagram.android), 4(FAIL), isBlocked=true, 0ms
12-20 20:14:30.108  1036  1095 I HYPER-HAL: [RequestManager.cpp]acquire(): Acquired ID : 213820867  [20672 / 7]    HINT :      list : [CPUMaxFreq / 2016000]
12-20 20:14:30.158  1036  1095 I HYPER-HAL: [RequestManager.cpp]acquire(): Acquired ID : 213820867  [20672 / 7]    HINT :      list : [CPUMaxFreq / 1632000]
12-20 20:14:30.290  8362  8362 D BoundBrokerSvc: onRebind: Intent { act=com.google.android.gms.libs.gmscorelogger.service.START dat=chimera-action:/... xflg=0x4 cmp=com.google.android.gms/.chimera.PersistentDirectBootAwareApiService }
12-20 20:14:30.408  1036  1095 I HYPER-HAL: [RequestManager.cpp]acquire(): Acquired ID : 213820867  [20672 / 7]    HINT :      list : [CPUMaxFreq / 1440000]
12-20 20:14:30.492  1439  1669 D PowerManagerService: [api] userActivityFromNative : touch displayId=0 eventTime=155097070
12-20 20:14:30.494  1439  1506 I GestureDetector: obtain mCurrentDownEvent. id: 1039933414 caller: com.android.server.wm.SystemGesturesPointerEventListener.onPointerEvent:17 com.android.server.wm.PointerEventDispatcher.onInputEvent:51 android.view.InputEventReceiver.dispatchInputEvent:392
12-20 20:14:30.495  1439  1506 I GestureDetector: obtain mCurrentDownEvent. id: 1039933414 caller: com.android.server.wm.SystemPerformancePointerEventListener.onPointerEvent:13 com.android.server.wm.PointerEventDispatcher.onInputEvent:51 android.view.InputEventReceiver.dispatchInputEvent:392
12-20 20:14:30.496  1036  1095 I HYPER-HAL: [RequestManager.cpp]acquire(): Acquired ID : 11085014  [4680 / 28]    HINT :      list : [TABoost / 1] [TIMEOUT / 1500]
12-20 20:14:30.706  1036  1095 I HYPER-HAL: [RequestManager.cpp]acquire(): Acquired ID : 213820867  [20672 / 7]    HINT :      list : [CPUMaxFreq / 1632000]
12-20 20:14:30.806  1036  1095 I HYPER-HAL: [RequestManager.cpp]acquire(): Acquired ID : 213820867  [20672 / 7]    HINT :      list : [CPUMaxFreq / 2016000]
12-20 20:14:30.857  1036  1095 I HYPER-HAL: [RequestManager.cpp]acquire(): Acquired ID : 213965655  [20672 / 14]    HINT :      list : [USER_TARGET_FPS / 236201]
12-20 20:14:30.906  1036  1095 I HYPER-HAL: [RequestManager.cpp]acquire(): Acquired ID : 213820867  [20672 / 7]    HINT :      list : [CPUMaxFreq / 1632000]
12-20 20:14:31.007  1036  1095 I HYPER-HAL: [RequestManager.cpp]acquire(): Acquired ID : 213820867  [20672 / 7]    HINT :      list : [CPUMaxFreq / 1824000]
12-20 20:14:31.094  1439  1506 I GestureDetector: obtain mCurrentDownEvent. id: 206194527 caller: com.android.server.wm.SystemGesturesPointerEventListener.onPointerEvent:17 com.android.server.wm.PointerEventDispatcher.onInputEvent:51 android.view.InputEventReceiver.dispatchInputEvent:392
12-20 20:14:31.094  1439  1506 I GestureDetector: obtain mCurrentDownEvent. id: 206194527 caller: com.android.server.wm.SystemPerformancePointerEventListener.onPointerEvent:13 com.android.server.wm.PointerEventDispatcher.onInputEvent:51 android.view.InputEventReceiver.dispatchInputEvent:392
12-20 20:14:31.096  1036  1095 I HYPER-HAL: [RequestManager.cpp]acquire(): Acquired ID : 11085014  [4680 / 28]    HINT :      list : [TABoost / 1] [TIMEOUT / 1500]
12-20 20:14:31.227  1439  1873 D NetdEventListenerService: DNS Requested by 144, 10045(com.run.tower.defense), SUCCESS, 17ms
12-20 20:14:31.307  1036  1095 I HYPER-HAL: [RequestManager.cpp]acquire(): Acquired ID : 213820867  [20672 / 7]    HINT :      list : [CPUMaxFreq / 2016000]
12-20 20:14:31.356  1036  1095 I HYPER-HAL: [RequestManager.cpp]acquire(): Acquired ID : 213820867  [20672 / 7]    HINT :      list : [CPUMaxFreq / 1632000]
12-20 20:14:31.479  1439  1506 I GestureDetector: obtain mCurrentDownEvent. id: 239816347 caller: com.android.server.wm.SystemGesturesPointerEventListener.onPointerEvent:17 com.android.server.wm.PointerEventDispatcher.onInputEvent:51 android.view.InputEventReceiver.dispatchInputEvent:392
12-20 20:14:31.479  1439  1506 I GestureDetector: obtain mCurrentDownEvent. id: 239816347 caller: com.android.server.wm.SystemPerformancePointerEventListener.onPointerEvent:13 com.android.server.wm.PointerEventDispatcher.onInputEvent:51 android.view.InputEventReceiver.dispatchInputEvent:392
12-20 20:14:31.481  1036  1095 I HYPER-HAL: [RequestManager.cpp]acquire(): Acquired ID : 11085014  [4680 / 28]    HINT :      list : [TABoost / 1] [TIMEOUT / 1500]
12-20 20:14:31.947  1439  1669 D PowerManagerService: [api] userActivityFromNative : touch displayId=0 eventTime=155098525
12-20 20:14:31.947  1439  1506 I GestureDetector: obtain mCurrentDownEvent. id: 46199137 caller: com.android.server.wm.SystemGesturesPointerEventListener.onPointerEvent:17 com.android.server.wm.PointerEventDispatcher.onInputEvent:51 android.view.InputEventReceiver.dispatchInputEvent:392
12-20 20:14:31.947  1439  1506 I GestureDetector: obtain mCurrentDownEvent. id: 46199137 caller: com.android.server.wm.SystemPerformancePointerEventListener.onPointerEvent:13 com.android.server.wm.PointerEventDispatcher.onInputEvent:51 android.view.InputEventReceiver.dispatchInputEvent:392
12-20 20:14:31.948  1036  1095 I HYPER-HAL: [RequestManager.cpp]acquire(): Acquired ID : 11085014  [4680 / 28]    HINT :      list : [TABoost / 1] [TIMEOUT / 1500]
12-20 20:14:32.290  1439  1506 I GestureDetector: obtain mCurrentDownEvent. id: 356952433 caller: com.android.server.wm.SystemGesturesPointerEventListener.onPointerEvent:17 com.android.server.wm.PointerEventDispatcher.onInputEvent:51 android.view.InputEventReceiver.dispatchInputEvent:392
12-20 20:14:32.290  1439  1506 I GestureDetector: obtain mCurrentDownEvent. id: 356952433 caller: com.android.server.wm.SystemPerformancePointerEventListener.onPointerEvent:13 com.android.server.wm.PointerEventDispatcher.onInputEvent:51 android.view.InputEventReceiver.dispatchInputEvent:392
12-20 20:14:32.292  1036  1095 I HYPER-HAL: [RequestManager.cpp]acquire(): Acquired ID : 11085014  [4680 / 28]    HINT :      list : [TABoost / 1] [TIMEOUT / 1500]
12-20 20:14:32.300  2214  2281 I EPDG -- SIM0 IwlanNetworkService: requestNetworkRegistrationInfo for domain 2
12-20 20:14:32.300  2214  2734 I EPDG -- SIM0 IwlanNetworkService: Calling onRequestNetworkRegistrationInfoComplete.resultCode = 0, netState = NetworkRegistrationInfo{ domain=PS transportType=WLAN registrationState=UNKNOWN networkRegistrationState=UNKNOWN roamingType=NOT_ROAMING accessNetworkTechnology=IWLAN rejectCause=0 emergencyEnabled=false availableServices=[] cellIdentity=null voiceSpecificInfo=null dataSpecificInfo=null nrState=**** rRplmn= isUsingCarrierAggregation=false isNonTerrestrialNetwork=TERRESTRIAL}
12-20 20:14:32.306  2214  2281 I EPDG -- SIM0 IwlanNetworkService: requestNetworkRegistrationInfo for domain 2
12-20 20:14:32.306  1036  1095 I HYPER-HAL: [RequestManager.cpp]acquire(): Acquired ID : 213820867  [20672 / 7]    HINT :      list : [CPUMaxFreq / 1824000]
12-20 20:14:32.306  2214  2734 I EPDG -- SIM0 IwlanNetworkService: Calling onRequestNetworkRegistrationInfoComplete.resultCode = 0, netState = NetworkRegistrationInfo{ domain=PS transportType=WLAN registrationState=UNKNOWN networkRegistrationState=UNKNOWN roamingType=NOT_ROAMING accessNetworkTechnology=IWLAN rejectCause=0 emergencyEnabled=false availableServices=[] cellIdentity=null voiceSpecificInfo=null dataSpecificInfo=null nrState=**** rRplmn= isUsingCarrierAggregation=false isNonTerrestrialNetwork=TERRESTRIAL}
12-20 20:14:32.328  2280  2643 I [IMS6.0]: IMS_onResponse()
12-20 20:14:32.328  2280  2643 I StackIF : Processing Response
12-20 20:14:32.328  2280  2643 I StackIF : processResponse: reqId 600
12-20 20:14:32.328  2280  2643 I StackIF : processResponse: handle 22161 result 0 reason 0
12-20 20:14:32.378  1439  4606 W ContextImpl: Calling a method in the system process without a qualified user: android.app.ContextImpl.sendBroadcastMultiplePermissions:1385 android.content.Context.sendBroadcastMultiplePermissions:2588 com.android.server.TelephonyRegistry.broadcastServiceStateChanged:192 com.android.server.TelephonyRegistry.notifyServiceStateForPhoneId:185 com.android.internal.telephony.ITelephonyRegistry$Stub.onTransact:667
12-20 20:14:32.380  1439  4606 W ContextImpl: Calling a method in the system process without a qualified user: android.app.ContextImpl.sendBroadcastMultiplePermissions:1418 com.android.server.TelephonyRegistry.broadcastServiceStateChanged:217 com.android.server.TelephonyRegistry.notifyServiceStateForPhoneId:185 com.android.internal.telephony.ITelephonyRegistry$Stub.onTransact:667 android.os.Binder.execTransactInternal:1462
12-20 20:14:32.381  1969  1969 D SatelliteModeObserver: service state changed : {mVoiceRegState=0(IN_SERVICE), mDataRegState=0(IN_SERVICE), mChannelNumber=1795, duplexMode()=1, mCellBandwidths=[20000], mOperatorAlphaLong=null, mOperatorAlphaShort=null, isManualNetworkSelection=false(automatic), getRilVoiceRadioTechnology=14(LTE), getRilDataRadioTechnology=14(LTE), mCssIndicator=unsupported, mNetworkId=*1, mSystemId=*1, mCdmaRoamingIndicator=-1, mCdmaDefaultRoamingIndicator=-1, NonCellular=false, Snap=0, PsOnly=false, SprDisplayRoam=false, OptRadioTech=0, MsimSubmode=0, IsVoiceCallAvailable=true, mIsEmergencyOnly=false, isUsingCarrierAggregation=false, mArfcnRsrpBoost=0, mNetworkRegistrationInfos=[NetworkRegistrationInfo{ domain=PS transportType=WLAN registrationState=UNKNOWN networkRegistrationState=UNKNOWN roamingType=NOT_ROAMING accessNetworkTechnology=IWLAN rejectCause=0 emergencyEnabled=false availableServices=[] cellIdentity=null voiceSpecificInfo=null dataSpecificInfo=null nrState=**** rRplmn= isUsingCarrierAggregation=false isNonTerrestrialNetwork=TERRESTRIAL}, NetworkRegistrationInfo{ domain=CS transportType=WWAN registrationState=HOME networkRegistrationState=HOME roamingType=NOT_ROAMING accessNetworkTechnology=LTE rejectCause=0 emergencyEnabled=false availableServices=[VOICE,SMS,VIDEO] cellIdentity=null voiceSpecificInfo=VoiceSpecificRegistrationInfo { mCssSupported=false mRoamingIndicator=0 mSystemIsInPrl=0 mDefaultRoamingIndicator=0} dataSpecificInfo=null nrState=**** rRplmn=22005 isUsingCarrierAggregation=false isNonTerrestrialNetwork=TERRESTRIAL}, NetworkRegistrationInfo{ domain=PS transportType=WWAN registrationState=HOME networkRegistrationState=HOME roamingType=NOT_ROAMING accessNetworkTechnology=LTE rejectCause=0 emergencyEnabled=false availableServices=[DATA,MMS] cellIdentity=null voiceSpecificInfo=null dataSpecificInfo=android.telephony.DataSpecificRegistrationInfo :{ maxDataCalls = 16 isDcNrRestricted = false isNrAvailable = true isEnDcAvailable = true mLteAttachResultType = 0 mLteAttachExtraInfo = 0 LteVopsSupportInfo :  mVopsSupport = 2 mEmcBearerSupport = 2 } nrState=**** rRplmn=22005 isUsingCarrierAggregation=false isNonTerrestrialNetwork=TERRESTRIAL}], mNrFrequencyRange=0, mOperatorAlphaLongRaw=A1 SRB, mOperatorAlphaShortRaw=A1 SRB, mIsDataRoamingFromRegistration=false, mIsIwlanPreferred=false, mIsUsingNonTerrestrialNetwork=false}
12-20 20:14:32.381  1439  4606 W ContextImpl: Calling a method in the system process without a qualified user: android.app.ContextImpl.sendBroadcastMultiplePermissions:1418 com.android.server.TelephonyRegistry.broadcastServiceStateChanged:247 com.android.server.TelephonyRegistry.notifyServiceStateForPhoneId:185 com.android.internal.telephony.ITelephonyRegistry$Stub.onTransact:667 android.os.Binder.execTransactInternal:1462
12-20 20:14:32.383  1439  4606 W ContextImpl: Calling a method in the system process without a qualified user: android.app.ContextImpl.sendBroadcastMultiplePermissions:1418 com.android.server.TelephonyRegistry.broadcastServiceStateChanged:270 com.android.server.TelephonyRegistry.notifyServiceStateForPhoneId:185 com.android.internal.telephony.ITelephonyRegistry$Stub.onTransact:667 android.os.Binder.execTransactInternal:1462
12-20 20:14:32.386  1969  1969 D SatelliteModeObserver: isSatelliteNetworksOn(), isUsingTerrestrialNetwork: false
12-20 20:14:32.386  1969  1969 D SatelliteModeObserver: isSatelliteNetworksOn(), isUsingTerrestrialNetwork: false
12-20 20:14:32.387  1969  1969 D SatelliteModeObserver: isSatelliteNetworksOn(), isUsingTerrestrialNetwork: false
12-20 20:14:32.406  1036  1095 I HYPER-HAL: [RequestManager.cpp]acquire(): Acquired ID : 213820867  [20672 / 7]    HINT :      list : [CPUMaxFreq / 2016000]
12-20 20:14:32.420  1969  1969 W View    : requestLayout() improperly called by com.android.systemui.qs.SecQSGradationDrawableView{74c8a4c V.E...... ......ID 0,0-1080,354 #7f0a0a16 app:id/qs_gradation_view} during layout: running second layout pass
12-20 20:14:32.420  1969  1969 W View    : requestLayout() improperly called by android.widget.FrameLayout{823a95 V.E...... ......I. 0,0-1080,2340 #2} during layout: running second layout pass
12-20 20:14:32.420  1969  1969 W View    : requestLayout() improperly called by android.widget.FrameLayout{98a87aa V.E...... ......ID 0,153-1080,2340 #7f0a0a14 app:id/qs_frame} during layout: running second layout pass
12-20 20:14:32.470  1439  1840 D SemApeService: Deducted link capacity (M: R=100 T=72) on (wlan0) GoogleAPI(M: R=16 T=12) RSSI=-64 isDefault=false isMlo=false
12-20 20:14:32.472  1439  1777 I WifiConnectivityMonitor.NCC: [ Transports: WIFI Capabilities: NOT_METERED&INTERNET&NOT_RESTRICTED&TRUSTED&NOT_VPN&VALIDATED&NOT_ROAMING&FOREGROUND&NOT_CONGESTED&NOT_SUSPENDED&NOT_VCN_MANAGED&NOT_BANDWIDTH_CONSTRAINED LinkUpBandwidth>=12798Kbps LinkDnBandwidth>=16041Kbps TransportInfo: <SSID: <unknown ssid>, BSSID: 02:00:00:**:**:00, MAC: 02:00:00:**:**:00, IP: /192.***.*.66, Security type: 2, Supplicant state: COMPLETED, Wi-Fi standard: 11n, RSSI: -64, Link speed: 104Mbps, Tx Link speed: 104Mbps, Max Supported Tx Link speed: 144Mbps, Rx Link speed: 104Mbps, Max Supported Rx Link speed: 144Mbps, Frequency: 2417MHz, Net ID: -1, Metered hint: false, score: 60, isUsable: true, CarrierMerged: false, SubscriptionId: -1, IsPrimary: 1, Trusted: true, Restricted: false, Ephemeral: false, OEM paid: false, OEM private: false, OSU AP: false, FQDN: <none>, Provider friendly name: <none>, Requesting package name: <none><none>MLO Information: , Is TID-To-Link negotiation supported by the AP: false, AP MLD Address: <none>, AP MLO Link Id: <none>, AP MLO Affiliated links: <none>, Vendor Data: <none>> SignalStrength: -64 AdminUids: [1000] SSID: "Milidragovici" UnderlyingNetworks: Null]
12-20 20:14:32.473  1439  1777 D SemWifiApTrafficPriority: onCapabilitiesChanged Wifi:wlan0,mGapiValue:16.041Uplink: 12.798
12-20 20:14:32.643  1036  1095 I HYPER-HAL: [RequestManager.cpp]acquire(): Acquired ID : 11085014  [4680 / 28]    HINT :      list : [TABoost / 1] [TIMEOUT / 1500]
12-20 20:14:32.643  1439  1506 I GestureDetector: obtain mCurrentDownEvent. id: 860959675 caller: com.android.server.wm.SystemGesturesPointerEventListener.onPointerEvent:17 com.android.server.wm.PointerEventDispatcher.onInputEvent:51 android.view.InputEventReceiver.dispatchInputEvent:392
12-20 20:14:32.643  1439  1506 I GestureDetector: obtain mCurrentDownEvent. id: 860959675 caller: com.android.server.wm.SystemPerformancePointerEventListener.onPointerEvent:13 com.android.server.wm.PointerEventDispatcher.onInputEvent:51 android.view.InputEventReceiver.dispatchInputEvent:392
12-20 20:14:33.006  1036  1095 I HYPER-HAL: [RequestManager.cpp]acquire(): Acquired ID : 213820867  [20672 / 7]    HINT :      list : [CPUMaxFreq / 1632000]
12-20 20:14:33.202  1439  1669 D PowerManagerService: [api] userActivityFromNative : touch displayId=0 eventTime=155099780
12-20 20:14:33.202  1439  1506 I GestureDetector: obtain mCurrentDownEvent. id: 353735306 caller: com.android.server.wm.SystemGesturesPointerEventListener.onPointerEvent:17 com.android.server.wm.PointerEventDispatcher.onInputEvent:51 android.view.InputEventReceiver.dispatchInputEvent:392
12-20 20:14:33.202  1439  1506 I GestureDetector: obtain mCurrentDownEvent. id: 353735306 caller: com.android.server.wm.SystemPerformancePointerEventListener.onPointerEvent:13 com.android.server.wm.PointerEventDispatcher.onInputEvent:51 android.view.InputEventReceiver.dispatchInputEvent:392
12-20 20:14:33.206  1036  1095 I HYPER-HAL: [RequestManager.cpp]acquire(): Acquired ID : 11085014  [4680 / 28]    HINT :      list : [TABoost / 1] [TIMEOUT / 1500]
12-20 20:14:33.303  1036  1095 I HYPER-HAL: [RequestManager.cpp]acquire(): Acquired ID : 11085014  [4680 / 28]    HINT :      list : [TABoost / 1] [TIMEOUT / 1500]
12-20 20:14:33.308  1036  1095 I HYPER-HAL: [RequestManager.cpp]acquire(): Acquired ID : 213820867  [20672 / 7]    HINT :      list : [CPUMaxFreq / 1824000]
12-20 20:14:33.457  1036  1095 I HYPER-HAL: [RequestManager.cpp]acquire(): Acquired ID : 213820867  [20672 / 7]    HINT :      list : [CPUMaxFreq / 1632000]
12-20 20:14:33.494  1439  1506 I GestureDetector: obtain mCurrentDownEvent. id: 462431694 caller: com.android.server.wm.SystemGesturesPointerEventListener.onPointerEvent:17 com.android.server.wm.PointerEventDispatcher.onInputEvent:51 android.view.InputEventReceiver.dispatchInputEvent:392
12-20 20:14:33.494  1439  1506 I GestureDetector: obtain mCurrentDownEvent. id: 462431694 caller: com.android.server.wm.SystemPerformancePointerEventListener.onPointerEvent:13 com.android.server.wm.PointerEventDispatcher.onInputEvent:51 android.view.InputEventReceiver.dispatchInputEvent:392
12-20 20:14:33.496  1036  1095 I HYPER-HAL: [RequestManager.cpp]acquire(): Acquired ID : 11085014  [4680 / 28]    HINT :      list : [TABoost / 1] [TIMEOUT / 1500]
12-20 20:14:33.795  1439  1506 I GestureDetector: obtain mCurrentDownEvent. id: 687043903 caller: com.android.server.wm.SystemGesturesPointerEventListener.onPointerEvent:17 com.android.server.wm.PointerEventDispatcher.onInputEvent:51 android.view.InputEventReceiver.dispatchInputEvent:392
12-20 20:14:33.795  1439  1506 I GestureDetector: obtain mCurrentDownEvent. id: 687043903 caller: com.android.server.wm.SystemPerformancePointerEventListener.onPointerEvent:13 com.android.server.wm.PointerEventDispatcher.onInputEvent:51 android.view.InputEventReceiver.dispatchInputEvent:392
12-20 20:14:33.797  1036  1095 I HYPER-HAL: [RequestManager.cpp]acquire(): Acquired ID : 11085014  [4680 / 28]    HINT :      list : [TABoost / 1] [TIMEOUT / 1500]
12-20 20:14:33.808  1036  1095 I HYPER-HAL: [RequestManager.cpp]acquire(): Acquired ID : 213820867  [20672 / 7]    HINT :      list : [CPUMaxFreq / 1824000]
12-20 20:14:33.900  1036  1095 I HYPER-HAL: [RequestManager.cpp]acquire(): Acquired ID : 11085014  [4680 / 28]    HINT :      list : [TABoost / 1] [TIMEOUT / 1500]
12-20 20:14:33.957  1036  1095 I HYPER-HAL: [RequestManager.cpp]acquire(): Acquired ID : 213820867  [20672 / 7]    HINT :      list : [CPUMaxFreq / 2016000]
12-20 20:14:34.003  1439  1475 I system_server: Background young concurrent mark compact GC freed 45MB AllocSpace bytes, 112(3960KB) LOS objects, 23% free, 150MB/196MB, paused 2.868ms,15.535ms total 254.313ms
12-20 20:14:34.155  1439  1506 I GestureDetector: obtain mCurrentDownEvent. id: 873354536 caller: com.android.server.wm.SystemGesturesPointerEventListener.onPointerEvent:17 com.android.server.wm.PointerEventDispatcher.onInputEvent:51 android.view.InputEventReceiver.dispatchInputEvent:392
12-20 20:14:34.156  1439  1506 I GestureDetector: obtain mCurrentDownEvent. id: 873354536 caller: com.android.server.wm.SystemPerformancePointerEventListener.onPointerEvent:13 com.android.server.wm.PointerEventDispatcher.onInputEvent:51 android.view.InputEventReceiver.dispatchInputEvent:392
12-20 20:14:34.156  1036  1095 I HYPER-HAL: [RequestManager.cpp]acquire(): Acquired ID : 11085014  [4680 / 28]    HINT :      list : [TABoost / 1] [TIMEOUT / 1500]
12-20 20:14:34.156  1036  1095 I HYPER-HAL: [RequestManager.cpp]acquire(): Acquired ID : 213820867  [20672 / 7]    HINT :      list : [CPUMaxFreq / 1824000]
12-20 20:14:34.802   738   738 D io_stats: !@ Write_top(KB): system_server(1439) 1744 m.android.phone(1941) 8
12-20 20:14:34.832 20672  5057 I GOS:GosService: requestWithJson(), command=perf_data_simple_request, caller=com.samsung.android.game.gametools, param={"params":[{"param":"temp_pst","agg_mode":0,"rate":100},{"param":"fps","agg_mode":0,"rate":100},{"param":"memory","agg_mode":0,"rate":100},{"param":"temp_lrpst","agg_mode":0,"rate":100},{"param":"temp_ap","agg_mode":0,"rate":100},{"param":"latency","agg_mode":0,"rate":100},{"param":"game_fps","agg_mode":0,"rate":100},{"param":"cpu_utilization_1","agg_mode":0,"rate":100},{"param":"cpu_utilization_2","agg_mode":0,"rate":100},{"param":"cpu_utilization_3","agg_mode":0,"rate":100},{"param":"gpu_utilization","agg_mode":0,"rate":100},{"param":"batt_prediction","agg_mode":0,"rate":100},{"param":"batt_prediction_benefit","agg_mode":0,"rate":100},{"param":"batt_prediction_benefit_percent","agg_mode":0,"rate":100},{"param":"batt_prediction_benefit_percent_low","agg_mode":0,"rate":100}],"session":-1,"start":-100,"end":0}
12-20 20:14:34.866  1036  1095 I HYPER-HAL: [RequestManager.cpp]acquire(): Acquired ID : 213965655  [20672 / 14]    HINT :      list : [USER_TARGET_FPS / 232105]
12-20 20:14:34.974  1439  1669 D PowerManagerService: [api] userActivityFromNative : touch displayId=0 eventTime=155101553
12-20 20:14:34.975  1439  1506 I GestureDetector: obtain mCurrentDownEvent. id: 559325158 caller: com.android.server.wm.SystemGesturesPointerEventListener.onPointerEvent:17 com.android.server.wm.PointerEventDispatcher.onInputEvent:51 android.view.InputEventReceiver.dispatchInputEvent:392
12-20 20:14:34.975  1439  1506 I GestureDetector: obtain mCurrentDownEvent. id: 559325158 caller: com.android.server.wm.SystemPerformancePointerEventListener.onPointerEvent:13 com.android.server.wm.PointerEventDispatcher.onInputEvent:51 android.view.InputEventReceiver.dispatchInputEvent:392
12-20 20:14:34.977  1036  1095 I HYPER-HAL: [RequestManager.cpp]acquire(): Acquired ID : 11085014  [4680 / 28]    HINT :      list : [TABoost / 1] [TIMEOUT / 1500]
12-20 20:14:35.259  1036  1095 I HYPER-HAL: [RequestManager.cpp]acquire(): Acquired ID : 213820867  [20672 / 7]    HINT :      list : [CPUMaxFreq / 1632000]
12-20 20:14:35.466  1439  1840 D SemApeService: Deducted link capacity (M: R=72 T=72) on (wlan0) GoogleAPI(M: R=36 T=21) RSSI=-61 isDefault=false isMlo=false
12-20 20:14:35.473  1439  1777 I WifiConnectivityMonitor.NCC: [ Transports: WIFI Capabilities: NOT_METERED&INTERNET&NOT_RESTRICTED&TRUSTED&NOT_VPN&VALIDATED&NOT_ROAMING&FOREGROUND&NOT_CONGESTED&NOT_SUSPENDED&NOT_VCN_MANAGED&NOT_BANDWIDTH_CONSTRAINED LinkUpBandwidth>=21348Kbps LinkDnBandwidth>=36782Kbps TransportInfo: <SSID: <unknown ssid>, BSSID: 02:00:00:**:**:00, MAC: 02:00:00:**:**:00, IP: /192.***.*.66, Security type: 2, Supplicant state: COMPLETED, Wi-Fi standard: 11n, RSSI: -61, Link speed: 117Mbps, Tx Link speed: 117Mbps, Max Supported Tx Link speed: 144Mbps, Rx Link speed: 1Mbps, Max Supported Rx Link speed: 144Mbps, Frequency: 2417MHz, Net ID: -1, Metered hint: false, score: 60, isUsable: true, CarrierMerged: false, SubscriptionId: -1, IsPrimary: 1, Trusted: true, Restricted: false, Ephemeral: false, OEM paid: false, OEM private: false, OSU AP: false, FQDN: <none>, Provider friendly name: <none>, Requesting package name: <none><none>MLO Information: , Is TID-To-Link negotiation supported by the AP: false, AP MLD Address: <none>, AP MLO Link Id: <none>, AP MLO Affiliated links: <none>, Vendor Data: <none>> SignalStrength: -61 AdminUids: [1000] SSID: "Milidragovici" UnderlyingNetworks: Null]
12-20 20:14:35.478  1439  1777 D SemWifiApTrafficPriority: onCapabilitiesChanged Wifi:wlan0,mGapiValue:36.782Uplink: 21.348
12-20 20:14:35.509  1036  1095 I HYPER-HAL: [RequestManager.cpp]acquire(): Acquired ID : 213820867  [20672 / 7]    HINT :      list : [CPUMaxFreq / 2016000]
12-20 20:14:35.556  1036  1095 I HYPER-HAL: [RequestManager.cpp]acquire(): Acquired ID : 213820867  [20672 / 7]    HINT :      list : [CPUMaxFreq / 1632000]
12-20 20:14:36.069  1439  1669 D PowerManagerService: [api] userActivityFromNative : touch displayId=0 eventTime=155102648
12-20 20:14:36.070  1439  1506 I GestureDetector: obtain mCurrentDownEvent. id: 638134350 caller: com.android.server.wm.SystemGesturesPointerEventListener.onPointerEvent:17 com.android.server.wm.PointerEventDispatcher.onInputEvent:51 android.view.InputEventReceiver.dispatchInputEvent:392
12-20 20:14:36.070  1439  1506 I GestureDetector: obtain mCurrentDownEvent. id: 638134350 caller: com.android.server.wm.SystemPerformancePointerEventListener.onPointerEvent:13 com.android.server.wm.PointerEventDispatcher.onInputEvent:51 android.view.InputEventReceiver.dispatchInputEvent:392
12-20 20:14:36.072  1036  1095 I HYPER-HAL: [RequestManager.cpp]acquire(): Acquired ID : 11085014  [4680 / 28]    HINT :      list : [TABoost / 1] [TIMEOUT / 1500]
12-20 20:14:36.206  1036  1095 I HYPER-HAL: [RequestManager.cpp]releaseLocked(): Released ID : 213820867
12-20 20:14:36.226  1439  1873 D NetdEventListenerService: DNS Requested by 144, 10352(com.instagram.android), 4(FAIL), isBlocked=true, 0ms
12-20 20:14:36.238  1439  1873 D NetdEventListenerService: DNS Requested by 144, 10352(com.instagram.android), 4(FAIL), isBlocked=true, 0ms
12-20 20:14:36.248  1439  1873 D NetdEventListenerService: DNS Requested by 144, 10352(com.instagram.android), 4(FAIL), isBlocked=true, 0ms
12-20 20:14:36.257  1036  1095 I HYPER-HAL: [RequestManager.cpp]acquire(): Acquired ID : 213820867  [20672 / 7]    HINT :      list : [CPUMaxFreq / 2016000]
12-20 20:14:36.306  1036  1095 I HYPER-HAL: [RequestManager.cpp]acquire(): Acquired ID : 213820867  [20672 / 7]    HINT :      list : [CPUMaxFreq / 1440000]
12-20 20:14:36.457  1036  1095 I HYPER-HAL: [RequestManager.cpp]acquire(): Acquired ID : 213820867  [20672 / 7]    HINT :      list : [CPUMaxFreq / 1056000]
12-20 20:14:37.310  1439  1520 I ActivityManager: ProcessObserver broadcast disabled
12-20 20:14:37.575  1036 19876 I HYPER-HAL: [RequestManager.cpp]releaseLocked(): Released ID : 11085014
12-20 20:14:37.637  1439  1520 I ActivityManager: ProcessObserver broadcast disabled
12-20 20:14:38.499  1439  1777 I WifiConnectivityMonitor.NCC: [ Transports: WIFI Capabilities: NOT_METERED&INTERNET&NOT_RESTRICTED&TRUSTED&NOT_VPN&VALIDATED&NOT_ROAMING&FOREGROUND&NOT_CONGESTED&NOT_SUSPENDED&NOT_VCN_MANAGED&NOT_BANDWIDTH_CONSTRAINED LinkUpBandwidth>=12798Kbps LinkDnBandwidth>=16041Kbps TransportInfo: <SSID: <unknown ssid>, BSSID: 02:00:00:**:**:00, MAC: 02:00:00:**:**:00, IP: /192.***.*.66, Security type: 2, Supplicant state: COMPLETED, Wi-Fi standard: 11n, RSSI: -64, Link speed: 144Mbps, Tx Link speed: 144Mbps, Max Supported Tx Link speed: 144Mbps, Rx Link speed: 144Mbps, Max Supported Rx Link speed: 144Mbps, Frequency: 2417MHz, Net ID: -1, Metered hint: false, score: 60, isUsable: true, CarrierMerged: false, SubscriptionId: -1, IsPrimary: 1, Trusted: true, Restricted: false, Ephemeral: false, OEM paid: false, OEM private: false, OSU AP: false, FQDN: <none>, Provider friendly name: <none>, Requesting package name: <none><none>MLO Information: , Is TID-To-Link negotiation supported by the AP: false, AP MLD Address: <none>, AP MLO Link Id: <none>, AP MLO Affiliated links: <none>, Vendor Data: <none>> SignalStrength: -64 AdminUids: [1000] SSID: "Milidragovici" UnderlyingNetworks: Null]
12-20 20:14:38.500  1439  1840 D SemApeService: Deducted link capacity (M: R=1 T=81) on (wlan0) GoogleAPI(M: R=16 T=12) RSSI=-64 isDefault=false isMlo=false
12-20 20:14:38.513  1439  1777 D SemWifiApTrafficPriority: onCapabilitiesChanged Wifi:wlan0,mGapiValue:16.041Uplink: 12.798
12-20 20:14:38.808   738   738 D io_stats: !@ Write_top(KB): kworker/u16:0(3590) 2792 system_server(1439) 752 f2fs_ckpt-254:5(780) 296
12-20 20:14:38.864  1036  1095 I HYPER-HAL: [RequestManager.cpp]acquire(): Acquired ID : 213965655  [20672 / 14]    HINT :      list : [USER_TARGET_FPS / 228009]
12-20 20:14:39.358  1036  1095 I HYPER-HAL: [RequestManager.cpp]acquire(): Acquired ID : 213820867  [20672 / 7]    HINT :      list : [CPUMaxFreq / 1248000]
12-20 20:14:39.828 20672  5057 I GOS:GosService: requestWithJson(), command=perf_data_simple_request, caller=com.samsung.android.game.gametools, param={"params":[{"param":"temp_pst","agg_mode":0,"rate":100},{"param":"fps","agg_mode":0,"rate":100},{"param":"memory","agg_mode":0,"rate":100},{"param":"temp_lrpst","agg_mode":0,"rate":100},{"param":"temp_ap","agg_mode":0,"rate":100},{"param":"latency","agg_mode":0,"rate":100},{"param":"game_fps","agg_mode":0,"rate":100},{"param":"cpu_utilization_1","agg_mode":0,"rate":100},{"param":"cpu_utilization_2","agg_mode":0,"rate":100},{"param":"cpu_utilization_3","agg_mode":0,"rate":100},{"param":"gpu_utilization","agg_mode":0,"rate":100},{"param":"batt_prediction","agg_mode":0,"rate":100},{"param":"batt_prediction_benefit","agg_mode":0,"rate":100},{"param":"batt_prediction_benefit_percent","agg_mode":0,"rate":100},{"param":"batt_prediction_benefit_percent_low","agg_mode":0,"rate":100}],"session":-1,"start":-100,"end":0}
12-20 20:14:41.463  1439  1506 I GestureDetector: obtain mCurrentDownEvent. id: 155702828 caller: com.android.server.wm.SystemGesturesPointerEventListener.onPointerEvent:17 com.android.server.wm.PointerEventDispatcher.onInputEvent:51 android.view.InputEventReceiver.dispatchInputEvent:392
12-20 20:14:41.463  1439  1506 I GestureDetector: obtain mCurrentDownEvent. id: 155702828 caller: com.android.server.wm.SystemPerformancePointerEventListener.onPointerEvent:13 com.android.server.wm.PointerEventDispatcher.onInputEvent:51 android.view.InputEventReceiver.dispatchInputEvent:392
12-20 20:14:41.464  1439  1669 D PowerManagerService: [api] userActivityFromNative : touch displayId=0 eventTime=155108041
12-20 20:14:41.465  1036  1095 I HYPER-HAL: [RequestManager.cpp]acquire(): Acquired ID : 11085014  [4680 / 28]    HINT :      list : [TABoost / 1] [TIMEOUT / 1500]
12-20 20:14:41.558  1036  1095 I HYPER-HAL: [RequestManager.cpp]acquire(): Acquired ID : 213820867  [20672 / 7]    HINT :      list : [CPUMaxFreq / 1440000]
12-20 20:14:41.733  1439  3094 W Binder  : 	at com.android.server.am.mars.filter.filter.BlueToothConnectedFilter.updateBTUsingPackages(qb/103248311 6a7b75a76f25bc8ceb7a618c294c5a86f69696ee9c061b0c8434533b0cece984:22)
12-20 20:14:41.733  1439  3094 W Binder  : 	at com.android.server.am.FreecessController.freeze(qb/103248311 6a7b75a76f25bc8ceb7a618c294c5a86f69696ee9c061b0c8434533b0cece984:117)
12-20 20:14:41.733  1439  3094 W Binder  : 	at com.android.server.am.FreecessHandler$MainHandler.handleLcdOnFreeze(qb/103248311 6a7b75a76f25bc8ceb7a618c294c5a86f69696ee9c061b0c8434533b0cece984:55)
12-20 20:14:41.733  1439  3094 W Binder  : 	at com.android.server.am.FreecessHandler$MainHandler.handleMessage(qb/103248311 6a7b75a76f25bc8ceb7a618c294c5a86f69696ee9c061b0c8434533b0cece984:793)
12-20 20:14:42.865  1036  1095 I HYPER-HAL: [RequestManager.cpp]acquire(): Acquired ID : 213820867  [20672 / 7]    HINT :      list : [CPUMaxFreq / 1248000]
12-20 20:14:42.969  1036 20016 I HYPER-HAL: [RequestManager.cpp]releaseLocked(): Released ID : 11085014
12-20 20:14:43.452  1439  1873 D NetdEventListenerService: DNS Requested by 144, 10352(com.instagram.android), 4(FAIL), isBlocked=true, 0ms
12-20 20:14:43.462  1439  1873 D NetdEventListenerService: DNS Requested by 144, 10352(com.instagram.android), 4(FAIL), isBlocked=true, 0ms
12-20 20:14:43.551  1439  1873 D NetdEventListenerService: DNS Requested by 144, 10352(com.instagram.android), 4(FAIL), isBlocked=true, 0ms
12-20 20:14:43.559  1036  1095 I HYPER-HAL: [RequestManager.cpp]acquire(): Acquired ID : 213820867  [20672 / 7]    HINT :      list : [CPUMaxFreq / 1440000]
12-20 20:14:43.659  1036  1095 I HYPER-HAL: [RequestManager.cpp]acquire(): Acquired ID : 213820867  [20672 / 7]    HINT :      list : [CPUMaxFreq / 1248000]
12-20 20:14:43.772  1439  9405 D system_server: mAFPC_Read - w = 1080, h = 2340, s = 8, f = 4, s_size = 10183680, luminance = 187, count = 190, captureOrientation = 0
12-20 20:14:43.990  1439  1669 D PowerManagerService: [api] userActivityFromNative : touch displayId=0 eventTime=155110566
12-20 20:14:43.990  1439  1506 I GestureDetector: obtain mCurrentDownEvent. id: 953110041 caller: com.android.server.wm.SystemGesturesPointerEventListener.onPointerEvent:17 com.android.server.wm.PointerEventDispatcher.onInputEvent:51 android.view.InputEventReceiver.dispatchInputEvent:392
12-20 20:14:43.990  1439  1506 I GestureDetector: obtain mCurrentDownEvent. id: 953110041 caller: com.android.server.wm.SystemPerformancePointerEventListener.onPointerEvent:13 com.android.server.wm.PointerEventDispatcher.onInputEvent:51 android.view.InputEventReceiver.dispatchInputEvent:392
12-20 20:14:43.993  1036  1095 I HYPER-HAL: [RequestManager.cpp]acquire(): Acquired ID : 11085014  [4680 / 28]    HINT :      list : [TABoost / 1] [TIMEOUT / 1500]
12-20 20:14:44.365  8362  8362 D BoundBrokerSvc: onUnbind: Intent { act=com.google.android.gms.auth.aang.events.services.START dat=chimera-action:/... xflg=0x4 cmp=com.google.android.gms/.chimera.PersistentApiService }
12-20 20:14:44.415  1439  1506 I GestureDetector: obtain mCurrentDownEvent. id: 596314066 caller: com.android.server.wm.SystemGesturesPointerEventListener.onPointerEvent:17 com.android.server.wm.PointerEventDispatcher.onInputEvent:51 android.view.InputEventReceiver.dispatchInputEvent:392
12-20 20:14:44.415  1439  1506 I GestureDetector: obtain mCurrentDownEvent. id: 596314066 caller: com.android.server.wm.SystemPerformancePointerEventListener.onPointerEvent:13 com.android.server.wm.PointerEventDispatcher.onInputEvent:51 android.view.InputEventReceiver.dispatchInputEvent:392
12-20 20:14:44.417  1036  1095 I HYPER-HAL: [RequestManager.cpp]acquire(): Acquired ID : 11085014  [4680 / 28]    HINT :      list : [TABoost / 1] [TIMEOUT / 1500]
12-20 20:14:44.506  1036  1095 I HYPER-HAL: [RequestManager.cpp]acquire(): Acquired ID : 213820867  [20672 / 7]    HINT :      list : [CPUMaxFreq / 1440000]
12-20 20:14:44.706  1036  1095 I HYPER-HAL: [RequestManager.cpp]acquire(): Acquired ID : 213820867  [20672 / 7]    HINT :      list : [CPUMaxFreq / 1248000]
12-20 20:14:44.756  1036  1095 I HYPER-HAL: [RequestManager.cpp]acquire(): Acquired ID : 213820867  [20672 / 7]    HINT :      list : [CPUMaxFreq / 1440000]
12-20 20:14:44.828 20672  5057 I GOS:GosService: requestWithJson(), command=perf_data_simple_request, caller=com.samsung.android.game.gametools, param={"params":[{"param":"temp_pst","agg_mode":0,"rate":100},{"param":"fps","agg_mode":0,"rate":100},{"param":"memory","agg_mode":0,"rate":100},{"param":"temp_lrpst","agg_mode":0,"rate":100},{"param":"temp_ap","agg_mode":0,"rate":100},{"param":"latency","agg_mode":0,"rate":100},{"param":"game_fps","agg_mode":0,"rate":100},{"param":"cpu_utilization_1","agg_mode":0,"rate":100},{"param":"cpu_utilization_2","agg_mode":0,"rate":100},{"param":"cpu_utilization_3","agg_mode":0,"rate":100},{"param":"gpu_utilization","agg_mode":0,"rate":100},{"param":"batt_prediction","agg_mode":0,"rate":100},{"param":"batt_prediction_benefit","agg_mode":0,"rate":100},{"param":"batt_prediction_benefit_percent","agg_mode":0,"rate":100},{"param":"batt_prediction_benefit_percent_low","agg_mode":0,"rate":100}],"session":-1,"start":-100,"end":0}
12-20 20:14:44.946  8362 20024 I NearbyConnections: Found BleAdvertisement [ 0x23 0x4c 0x38 0x59 0x31 0x11 0x34 0x30 0x29 0x72 0xf2 0xc2 0x76 0xb7 0x1b 0xa8 0xaf 0xe6 0xe1 0xae 0xaf 0xfd 0xbd ] (with EndpointId L8Y1 and EndpointInfo [ 0x34 0x30 0x29 0x72 0xf2 0xc2 0x76 0xb7 0x1b 0xa8 0xaf 0xe6 0xe1 0xae 0xaf 0xfd 0xbd ])
12-20 20:14:44.946  8362 20024 I NearbyConnections: Unable to record discovered endpoint due to null currentDiscoveryPhase
12-20 20:14:44.946  8362 20024 I NearbyConnections: ClientProxy(82939686 0p:com.google.android.gms.nearby.sharing) reporting onEndpointFound(L8Y1)
12-20 20:14:44.947  8362 20024 I NearbyConnections: ClientProxy(82939686) reporting onEndpointDistanceChanged(L8Y1, UNKNOWN)
12-20 20:14:44.948  8362 20025 I NearbySharing: NearbySharing Internal event EndpointDiscovered(endpointId=L8Y1)
12-20 20:14:45.006  1036  1095 I HYPER-HAL: [RequestManager.cpp]acquire(): Acquired ID : 213820867  [20672 / 7]    HINT :      list : [CPUMaxFreq / 1248000]
12-20 20:14:45.305  8362  8362 D BoundBrokerSvc: onUnbind: Intent { act=com.google.android.gms.libs.gmscorelogger.service.START dat=chimera-action:/... xflg=0x4 cmp=com.google.android.gms/.chimera.PersistentDirectBootAwareApiService }
12-20 20:14:45.718  1439  4606 D TelephonyManager: requestModemActivityInfo: Sending result to app: ModemActivityInfo{ mTimestamp=255071927 mSleepTimeMs=134638293 mIdleTimeMs=10252151 mActivityStatsTechSpecificInfo=[{mRat=UNKNOWN,mFrequencyRange=UNKNOWN,mTxTimeMs[]=[1720019, 347140, 2057129, 1821040, 6696029],mRxTimeMs=127672498}]}
12-20 20:14:45.919  1036 20023 I HYPER-HAL: [RequestManager.cpp]releaseLocked(): Released ID : 11085014
12-20 20:14:46.212  1439  1669 D PowerManagerService: [api] userActivityFromNative : touch displayId=0 eventTime=155112790
12-20 20:14:46.214  1439  1506 I GestureDetector: obtain mCurrentDownEvent. id: 229815945 caller: com.android.server.wm.SystemGesturesPointerEventListener.onPointerEvent:17 com.android.server.wm.PointerEventDispatcher.onInputEvent:51 android.view.InputEventReceiver.dispatchInputEvent:392
12-20 20:14:46.214  1439  1506 I GestureDetector: obtain mCurrentDownEvent. id: 229815945 caller: com.android.server.wm.SystemPerformancePointerEventListener.onPointerEvent:13 com.android.server.wm.PointerEventDispatcher.onInputEvent:51 android.view.InputEventReceiver.dispatchInputEvent:392
12-20 20:14:46.215  1036  1095 I HYPER-HAL: [RequestManager.cpp]acquire(): Acquired ID : 11085014  [4680 / 28]    HINT :      list : [TABoost / 1] [TIMEOUT / 1500]
12-20 20:14:46.323 19576 19593 V CpEventLog(u0): [P] cp_state: [                  request = {} ]
12-20 20:14:46.556  1036  1095 I HYPER-HAL: [RequestManager.cpp]acquire(): Acquired ID : 213820867  [20672 / 7]    HINT :      list : [CPUMaxFreq / 1632000]
12-20 20:14:46.607  1036  1095 I HYPER-HAL: [RequestManager.cpp]releaseLocked(): Released ID : 213820867
12-20 20:14:46.756  1036  1095 I HYPER-HAL: [RequestManager.cpp]acquire(): Acquired ID : 213820867  [20672 / 7]    HINT :      list : [CPUMaxFreq / 1824000]
12-20 20:14:46.861  1036  1095 I HYPER-HAL: [RequestManager.cpp]acquire(): Acquired ID : 213965655  [20672 / 14]    HINT :      list : [USER_TARGET_FPS / 232105]
12-20 20:14:46.909  1036  1095 I HYPER-HAL: [RequestManager.cpp]acquire(): Acquired ID : 213820867  [20672 / 7]    HINT :      list : [CPUMaxFreq / 1248000]
12-20 20:14:47.341  1439  1669 D PowerManagerService: [api] userActivityFromNative : touch displayId=0 eventTime=155113919
12-20 20:14:47.341  1439  1506 I GestureDetector: obtain mCurrentDownEvent. id: 780785364 caller: com.android.server.wm.SystemGesturesPointerEventListener.onPointerEvent:17 com.android.server.wm.PointerEventDispatcher.onInputEvent:51 android.view.InputEventReceiver.dispatchInputEvent:392
12-20 20:14:47.341  1439  1506 I GestureDetector: obtain mCurrentDownEvent. id: 780785364 caller: com.android.server.wm.SystemPerformancePointerEventListener.onPointerEvent:13 com.android.server.wm.PointerEventDispatcher.onInputEvent:51 android.view.InputEventReceiver.dispatchInputEvent:392
12-20 20:14:47.344  1036  1095 I HYPER-HAL: [RequestManager.cpp]acquire(): Acquired ID : 11085014  [4680 / 28]    HINT :      list : [TABoost / 1] [TIMEOUT / 1500]
12-20 20:14:47.835  1439  1506 I GestureDetector: obtain mCurrentDownEvent. id: 1001581932 caller: com.android.server.wm.SystemGesturesPointerEventListener.onPointerEvent:17 com.android.server.wm.PointerEventDispatcher.onInputEvent:51 android.view.InputEventReceiver.dispatchInputEvent:392
12-20 20:14:47.835  1439  1506 I GestureDetector: obtain mCurrentDownEvent. id: 1001581932 caller: com.android.server.wm.SystemPerformancePointerEventListener.onPointerEvent:13 com.android.server.wm.PointerEventDispatcher.onInputEvent:51 android.view.InputEventReceiver.dispatchInputEvent:392
12-20 20:14:47.836  1036  1095 I HYPER-HAL: [RequestManager.cpp]acquire(): Acquired ID : 11085014  [4680 / 28]    HINT :      list : [TABoost / 1] [TIMEOUT / 1500]
12-20 20:14:48.309  1036  1095 I HYPER-HAL: [RequestManager.cpp]acquire(): Acquired ID : 213820867  [20672 / 7]    HINT :      list : [CPUMaxFreq / 1440000]
12-20 20:14:49.129  1439  1669 D PowerManagerService: [api] userActivityFromNative : touch displayId=0 eventTime=155115708
12-20 20:14:49.130  1439  1506 I GestureDetector: obtain mCurrentDownEvent. id: 348516547 caller: com.android.server.wm.SystemGesturesPointerEventListener.onPointerEvent:17 com.android.server.wm.PointerEventDispatcher.onInputEvent:51 android.view.InputEventReceiver.dispatchInputEvent:392
12-20 20:14:49.130  1439  1506 I GestureDetector: obtain mCurrentDownEvent. id: 348516547 caller: com.android.server.wm.SystemPerformancePointerEventListener.onPointerEvent:13 com.android.server.wm.PointerEventDispatcher.onInputEvent:51 android.view.InputEventReceiver.dispatchInputEvent:392
12-20 20:14:49.132  1036  1095 I HYPER-HAL: [RequestManager.cpp]acquire(): Acquired ID : 11085014  [4680 / 28]    HINT :      list : [TABoost / 1] [TIMEOUT / 1500]
12-20 20:14:49.233  1036  1095 I HYPER-HAL: [RequestManager.cpp]acquire(): Acquired ID : 11085014  [4680 / 28]    HINT :      list : [TABoost / 1] [TIMEOUT / 1500]
12-20 20:14:49.307  1036  1095 I HYPER-HAL: [RequestManager.cpp]acquire(): Acquired ID : 213820867  [20672 / 7]    HINT :      list : [CPUMaxFreq / 1632000]
12-20 20:14:49.390  1439  1852 D WifiConnectivityMonitor.NetworkStatsAnalyzer: DNS resultType : 0, responseTime : 204
12-20 20:14:49.456  1036  1095 I HYPER-HAL: [RequestManager.cpp]acquire(): Acquired ID : 213820867  [20672 / 7]    HINT :      list : [CPUMaxFreq / 1440000]
12-20 20:14:49.830 20672  5057 I GOS:GosService: requestWithJson(), command=perf_data_simple_request, caller=com.samsung.android.game.gametools, param={"params":[{"param":"temp_pst","agg_mode":0,"rate":100},{"param":"fps","agg_mode":0,"rate":100},{"param":"memory","agg_mode":0,"rate":100},{"param":"temp_lrpst","agg_mode":0,"rate":100},{"param":"temp_ap","agg_mode":0,"rate":100},{"param":"latency","agg_mode":0,"rate":100},{"param":"game_fps","agg_mode":0,"rate":100},{"param":"cpu_utilization_1","agg_mode":0,"rate":100},{"param":"cpu_utilization_2","agg_mode":0,"rate":100},{"param":"cpu_utilization_3","agg_mode":0,"rate":100},{"param":"gpu_utilization","agg_mode":0,"rate":100},{"param":"batt_prediction","agg_mode":0,"rate":100},{"param":"batt_prediction_benefit","agg_mode":0,"rate":100},{"param":"batt_prediction_benefit_percent","agg_mode":0,"rate":100},{"param":"batt_prediction_benefit_percent_low","agg_mode":0,"rate":100}],"session":-1,"start":-100,"end":0}
12-20 20:14:50.158  1036  1095 I HYPER-HAL: [RequestManager.cpp]acquire(): Acquired ID : 213820867  [20672 / 7]    HINT :      list : [CPUMaxFreq / 1632000]
12-20 20:14:50.466  1439  1669 D PowerManagerService: [api] userActivityFromNative : touch displayId=0 eventTime=155117046
12-20 20:14:50.468  1439  1506 I GestureDetector: obtain mCurrentDownEvent. id: 154614471 caller: com.android.server.wm.SystemGesturesPointerEventListener.onPointerEvent:17 com.android.server.wm.PointerEventDispatcher.onInputEvent:51 android.view.InputEventReceiver.dispatchInputEvent:392
12-20 20:14:50.469  1036  1095 I HYPER-HAL: [RequestManager.cpp]acquire(): Acquired ID : 11085014  [4680 / 28]    HINT :      list : [TABoost / 1] [TIMEOUT / 1500]
