12-20 20:14:50.469  1439  1506 I GestureDetector: obtain mCurrentDownEvent. id: 154614471 caller: com.android.server.wm.SystemPerformancePointerEventListener.onPointerEvent:13 com.android.server.wm.PointerEventDispatcher.onInputEvent:51 android.view.InputEventReceiver.dispatchInputEvent:392
12-20 20:14:50.546  1439  1777 I WifiConnectivityMonitor.NCC: [ Transports: WIFI Capabilities: NOT_METERED&INTERNET&NOT_RESTRICTED&TRUSTED&NOT_VPN&VALIDATED&NOT_ROAMING&FOREGROUND&NOT_CONGESTED&NOT_SUSPENDED&NOT_VCN_MANAGED&NOT_BANDWIDTH_CONSTRAINED LinkUpBandwidth>=21348Kbps LinkDnBandwidth>=36782Kbps TransportInfo: <SSID: <unknown ssid>, BSSID: 02:00:00:**:**:00, MAC: 02:00:00:**:**:00, IP: /192.***.*.66, Security type: 2, Supplicant state: COMPLETED, Wi-Fi standard: 11n, RSSI: -61, Link speed: 104Mbps, Tx Link speed: 104Mbps, Max Supported Tx Link speed: 144Mbps, Rx Link speed: 144Mbps, Max Supported Rx Link speed: 144Mbps, Frequency: 2417MHz, Net ID: -1, Metered hint: false, score: 60, isUsable: true, CarrierMerged: false, SubscriptionId: -1, IsPrimary: 1, Trusted: true, Restricted: false, Ephemeral: false, OEM paid: false, OEM private: false, OSU AP: false, FQDN: <none>, Provider friendly name: <none>, Requesting package name: <none><none>MLO Information: , Is TID-To-Link negotiation supported by the AP: false, AP MLD Address: <none>, AP MLO Link Id: <none>, AP MLO Affiliated links: <none>, Vendor Data: <none>> SignalStrength: -61 AdminUids: [1000] SSID: "Milidragovici" UnderlyingNetworks: Null]
12-20 20:14:50.546  1439  1777 D SemWifiApTrafficPriority: onCapabilitiesChanged Wifi:wlan0,mGapiValue:36.782Uplink: 21.348
12-20 20:14:50.549  1439  1840 D SemApeService: Deducted link capacity (M: R=100 T=81) on (wlan0) GoogleAPI(M: R=36 T=21) RSSI=-61 isDefault=false isMlo=false
12-20 20:14:50.670  1439  1873 D NetdEventListenerService: DNS Requested by 144, 10352(com.instagram.android), 4(FAIL), isBlocked=true, 0ms
12-20 20:14:50.682  1439  1873 D NetdEventListenerService: DNS Requested by 144, 10352(com.instagram.android), 4(FAIL), isBlocked=true, 0ms
12-20 20:14:50.860  1036  1095 I HYPER-HAL: [RequestManager.cpp]acquire(): Acquired ID : 213965655  [20672 / 14]    HINT :      list : [USER_TARGET_FPS / 228009]
12-20 20:14:50.906  1036  1095 I HYPER-HAL: [RequestManager.cpp]acquire(): Acquired ID : 213820867  [20672 / 7]    HINT :      list : [CPUMaxFreq / 1824000]
12-20 20:14:51.160  1036  1095 I HYPER-HAL: [RequestManager.cpp]acquire(): Acquired ID : 213820867  [20672 / 7]    HINT :      list : [CPUMaxFreq / 1632000]
12-20 20:14:51.909  1036  1095 I HYPER-HAL: [RequestManager.cpp]acquire(): Acquired ID : 213820867  [20672 / 7]    HINT :      list : [CPUMaxFreq / 1440000]
12-20 20:14:51.971  1036 20026 I HYPER-HAL: [RequestManager.cpp]releaseLocked(): Released ID : 11085014
12-20 20:14:52.357  1439  1873 D NetdEventListenerService: DNS Requested by 144, 10352(com.instagram.android), 4(FAIL), isBlocked=true, 0ms
12-20 20:14:52.808  1439  1873 D NetdEventListenerService: DNS Requested by 144, 10352(com.instagram.android), 4(FAIL), isBlocked=true, 0ms
12-20 20:14:52.861  1036  1095 I HYPER-HAL: [RequestManager.cpp]acquire(): Acquired ID : 213820867  [20672 / 7]    HINT :      list : [CPUMaxFreq / 1248000]
12-20 20:14:54.809  1036  1095 I HYPER-HAL: [RequestManager.cpp]acquire(): Acquired ID : 213820867  [20672 / 7]    HINT :      list : [CPUMaxFreq / 1440000]
12-20 20:14:54.830 20672  5057 I GOS:GosService: requestWithJson(), command=perf_data_simple_request, caller=com.samsung.android.game.gametools, param={"params":[{"param":"temp_pst","agg_mode":0,"rate":100},{"param":"fps","agg_mode":0,"rate":100},{"param":"memory","agg_mode":0,"rate":100},{"param":"temp_lrpst","agg_mode":0,"rate":100},{"param":"temp_ap","agg_mode":0,"rate":100},{"param":"latency","agg_mode":0,"rate":100},{"param":"game_fps","agg_mode":0,"rate":100},{"param":"cpu_utilization_1","agg_mode":0,"rate":100},{"param":"cpu_utilization_2","agg_mode":0,"rate":100},{"param":"cpu_utilization_3","agg_mode":0,"rate":100},{"param":"gpu_utilization","agg_mode":0,"rate":100},{"param":"batt_prediction","agg_mode":0,"rate":100},{"param":"batt_prediction_benefit","agg_mode":0,"rate":100},{"param":"batt_prediction_benefit_percent","agg_mode":0,"rate":100},{"param":"batt_prediction_benefit_percent_low","agg_mode":0,"rate":100}],"session":-1,"start":-100,"end":0}
12-20 20:14:54.958  1036  1095 I HYPER-HAL: [RequestManager.cpp]acquire(): Acquired ID : 213820867  [20672 / 7]    HINT :      list : [CPUMaxFreq / 1824000]
12-20 20:14:55.008  1036  1095 I HYPER-HAL: [RequestManager.cpp]acquire(): Acquired ID : 213820867  [20672 / 7]    HINT :      list : [CPUMaxFreq / 2016000]
12-20 20:14:55.108  1036  1095 I HYPER-HAL: [RequestManager.cpp]acquire(): Acquired ID : 213820867  [20672 / 7]    HINT :      list : [CPUMaxFreq / 1632000]
12-20 20:14:55.332  1439  1669 D PowerManagerService: [api] userActivityFromNative : touch displayId=0 eventTime=155121910
12-20 20:14:55.332  1439  1506 I GestureDetector: obtain mCurrentDownEvent. id: 507637017 caller: com.android.server.wm.SystemGesturesPointerEventListener.onPointerEvent:17 com.android.server.wm.PointerEventDispatcher.onInputEvent:51 android.view.InputEventReceiver.dispatchInputEvent:392
12-20 20:14:55.332  1439  1506 I GestureDetector: obtain mCurrentDownEvent. id: 507637017 caller: com.android.server.wm.SystemPerformancePointerEventListener.onPointerEvent:13 com.android.server.wm.PointerEventDispatcher.onInputEvent:51 android.view.InputEventReceiver.dispatchInputEvent:392
12-20 20:14:55.334  1036  1095 I HYPER-HAL: [RequestManager.cpp]acquire(): Acquired ID : 11085014  [4680 / 28]    HINT :      list : [TABoost / 1] [TIMEOUT / 1500]
12-20 20:14:55.457  1036  1095 I HYPER-HAL: [RequestManager.cpp]acquire(): Acquired ID : 213820867  [20672 / 7]    HINT :      list : [CPUMaxFreq / 1824000]
12-20 20:14:55.859  1036  1095 I HYPER-HAL: [RequestManager.cpp]acquire(): Acquired ID : 213965655  [20672 / 14]    HINT :      list : [USER_TARGET_FPS / 232105]
12-20 20:14:56.108  1036  1095 I HYPER-HAL: [RequestManager.cpp]acquire(): Acquired ID : 213820867  [20672 / 7]    HINT :      list : [CPUMaxFreq / 1632000]
12-20 20:14:56.168  1439  1506 I GestureDetector: obtain mCurrentDownEvent. id: 694825876 caller: com.android.server.wm.SystemGesturesPointerEventListener.onPointerEvent:17 com.android.server.wm.PointerEventDispatcher.onInputEvent:51 android.view.InputEventReceiver.dispatchInputEvent:392
12-20 20:14:56.168  1439  1506 I GestureDetector: obtain mCurrentDownEvent. id: 694825876 caller: com.android.server.wm.SystemPerformancePointerEventListener.onPointerEvent:13 com.android.server.wm.PointerEventDispatcher.onInputEvent:51 android.view.InputEventReceiver.dispatchInputEvent:392
12-20 20:14:56.170  1036  1095 I HYPER-HAL: [RequestManager.cpp]acquire(): Acquired ID : 11085014  [4680 / 28]    HINT :      list : [TABoost / 1] [TIMEOUT / 1500]
12-20 20:14:56.583  1439  1777 I WifiConnectivityMonitor.NCC: [ Transports: WIFI Capabilities: NOT_METERED&INTERNET&NOT_RESTRICTED&TRUSTED&NOT_VPN&VALIDATED&NOT_ROAMING&FOREGROUND&NOT_CONGESTED&NOT_SUSPENDED&NOT_VCN_MANAGED&NOT_BANDWIDTH_CONSTRAINED LinkUpBandwidth>=12798Kbps LinkDnBandwidth>=16041Kbps TransportInfo: <SSID: <unknown ssid>, BSSID: 02:00:00:**:**:00, MAC: 02:00:00:**:**:00, IP: /192.***.*.66, Security type: 2, Supplicant state: COMPLETED, Wi-Fi standard: 11n, RSSI: -64, Link speed: 144Mbps, Tx Link speed: 144Mbps, Max Supported Tx Link speed: 144Mbps, Rx Link speed: 117Mbps, Max Supported Rx Link speed: 144Mbps, Frequency: 2417MHz, Net ID: -1, Metered hint: false, score: 60, isUsable: true, CarrierMerged: false, SubscriptionId: -1, IsPrimary: 1, Trusted: true, Restricted: false, Ephemeral: false, OEM paid: false, OEM private: false, OSU AP: false, FQDN: <none>, Provider friendly name: <none>, Requesting package name: <none><none>MLO Information: , Is TID-To-Link negotiation supported by the AP: false, AP MLD Address: <none>, AP MLO Link Id: <none>, AP MLO Affiliated links: <none>, Vendor Data: <none>> SignalStrength: -64 AdminUids: [1000] SSID: "Milidragovici" UnderlyingNetworks: Null]
12-20 20:14:56.584  1439  1840 D SemApeService: Deducted link capacity (M: R=100 T=54) on (wlan0) GoogleAPI(M: R=16 T=12) RSSI=-64 isDefault=false isMlo=false
12-20 20:14:56.587  1439  1777 D SemWifiApTrafficPriority: onCapabilitiesChanged Wifi:wlan0,mGapiValue:16.041Uplink: 12.798
12-20 20:14:56.848  1439  1669 D PowerManagerService: [api] userActivityFromNative : touch displayId=0 eventTime=155123426
12-20 20:14:56.848  1439  1506 I GestureDetector: obtain mCurrentDownEvent. id: 735357834 caller: com.android.server.wm.SystemGesturesPointerEventListener.onPointerEvent:17 com.android.server.wm.PointerEventDispatcher.onInputEvent:51 android.view.InputEventReceiver.dispatchInputEvent:392
12-20 20:14:56.848  1439  1506 I GestureDetector: obtain mCurrentDownEvent. id: 735357834 caller: com.android.server.wm.SystemPerformancePointerEventListener.onPointerEvent:13 com.android.server.wm.PointerEventDispatcher.onInputEvent:51 android.view.InputEventReceiver.dispatchInputEvent:392
12-20 20:14:56.849  1036  1095 I HYPER-HAL: [RequestManager.cpp]acquire(): Acquired ID : 11085014  [4680 / 28]    HINT :      list : [TABoost / 1] [TIMEOUT / 1500]
12-20 20:14:56.861  1036  1095 I HYPER-HAL: [RequestManager.cpp]acquire(): Acquired ID : 213965655  [20672 / 14]    HINT :      list : [USER_TARGET_FPS / 228009]
12-20 20:14:57.206  1036  1095 I HYPER-HAL: [RequestManager.cpp]acquire(): Acquired ID : 213820867  [20672 / 7]    HINT :      list : [CPUMaxFreq / 1824000]
12-20 20:14:57.409  1036  1095 I HYPER-HAL: [RequestManager.cpp]acquire(): Acquired ID : 213820867  [20672 / 7]    HINT :      list : [CPUMaxFreq / 1632000]
12-20 20:14:57.892  1439  1873 D NetdEventListenerService: DNS Requested by 144, 10352(com.instagram.android), 4(FAIL), isBlocked=true, 0ms
12-20 20:14:57.902  1439  1873 D NetdEventListenerService: DNS Requested by 144, 10352(com.instagram.android), 4(FAIL), isBlocked=true, 0ms
12-20 20:14:58.351  1036 20037 I HYPER-HAL: [RequestManager.cpp]releaseLocked(): Released ID : 11085014
12-20 20:14:58.460  1036  1095 I HYPER-HAL: [RequestManager.cpp]acquire(): Acquired ID : 213820867  [20672 / 7]    HINT :      list : [CPUMaxFreq / 1440000]
12-20 20:14:58.769  1439  1873 D NetdEventListenerService: DNS Requested by 144, 10352(com.instagram.android), 4(FAIL), isBlocked=true, 0ms
12-20 20:14:58.795  1439  1669 D PowerManagerService: [api] userActivityFromNative : touch displayId=0 eventTime=155125374
12-20 20:14:58.795  1439  1506 I GestureDetector: obtain mCurrentDownEvent. id: 940660442 caller: com.android.server.wm.SystemGesturesPointerEventListener.onPointerEvent:17 com.android.server.wm.PointerEventDispatcher.onInputEvent:51 android.view.InputEventReceiver.dispatchInputEvent:392
12-20 20:14:58.796  1439  1506 I GestureDetector: obtain mCurrentDownEvent. id: 940660442 caller: com.android.server.wm.SystemPerformancePointerEventListener.onPointerEvent:13 com.android.server.wm.PointerEventDispatcher.onInputEvent:51 android.view.InputEventReceiver.dispatchInputEvent:392
12-20 20:14:58.797  1036  1095 I HYPER-HAL: [RequestManager.cpp]acquire(): Acquired ID : 11085014  [4680 / 28]    HINT :      list : [TABoost / 1] [TIMEOUT / 1500]
12-20 20:14:58.833 24488 24553 I bluetooth: system/gd/hci/remote_name_request.cc:64 StartRemoteNameRequest: Enqueuing remote name request to xx:xx:xx:xx:b7:99
12-20 20:14:58.834 24488 24553 I bluetooth: system/gd/hci/remote_name_request.cc:122 actually_start_remote_name_request: Starting remote name request to xx:xx:xx:xx:b7:99
12-20 20:14:58.848 24488 24553 I bluetooth: system/gd/hci/remote_name_request.cc:152 on_start_remote_name_request_status: Started remote name request peer:xx:xx:xx:xx:b7:99 status:SUCCESS(0x00)
12-20 20:14:58.852  1439  1519 W ProcessStats: Tracking association SourceState{6404d46 system/1000 ImpFg #883146} whose proc state 5 is better than process ProcessState{336e5e8 com.samsung.android.mcfserver/10109 pkg=com.samsung.android.mcfserver} proc state 8 (3 skipped)
12-20 20:14:58.909  1036  1095 I HYPER-HAL: [RequestManager.cpp]acquire(): Acquired ID : 213820867  [20672 / 7]    HINT :      list : [CPUMaxFreq / 1632000]
12-20 20:14:58.918  1439  1520 I ActivityManager: ProcessObserver broadcast disabled
12-20 20:14:58.933 19954 11233 I dxzi    : (REDACTED) #onConfigUpdate. requester: %s
12-20 20:14:58.934 19954 11233 I dxzi    : (REDACTED) #onConfigUpdate. requester: %s
12-20 20:14:58.966  1036  1095 I HYPER-HAL: [RequestManager.cpp]releaseLocked(): Released ID : 213820867
12-20 20:14:58.978 18966 18966 I espt    : (REDACTED) Created gRPC endpoint for service %s
12-20 20:14:59.003 24488 24553 I bluetooth: system/gd/hci/remote_name_request.cc:194 completed: Received REMOTE_NAME_REQUEST_COMPLETE from xx:xx:xx:xx:b7:99 with status SUCCESS(0x00)
12-20 20:14:59.003 24488 24553 I bluetooth: system/gd/hci/acl_manager/acl_scheduler.cc:139 operator(): Remote name request completed
12-20 20:14:59.003 24488 24548 I bluetooth: system/stack/rnr/remote_name_request.cc:239 btm_process_remote_name: RNR received UNEXPECTED name bd_addr:xx:xx:xx:xx:b7:99 inq_addr:00:00:00:00:00:00 hci_status:HCI_SUCCESS le_link:true rnr_active:false
12-20 20:14:59.003 24488 24548 I bt_btm_sec: system/stack/btm/btm_sec.cc:2250 btm_sec_rmt_name_request_complete: btm_sec_rmt_name_request_complete for xx:xx:xx:xx:b7:99
12-20 20:14:59.048 19954 19992 I dxzi    : getHotwordConfigResponse returned.
12-20 20:14:59.050 19954 19990 I dxzi    : (REDACTED) Get the next action %s for requester %s.
12-20 20:14:59.050 19954 19990 I dych    : #addDspHotwordPropertiesToRequestHandlingMetadata
12-20 20:14:59.050 19954 19990 I dych    : (REDACTED) #addDspHotwordPropertiesToRequestHandlingMetadata: properties=%s
12-20 20:14:59.050 19954 19990 I dxzi    : #logRequestHandlingNonErrorEndEvent. Reset requestIdOfFirstError, firstStartErrorCausesRetry and numOfRetriesDoneForHotwordDetectorStartErrors!
12-20 20:14:59.059  1439  1520 I ActivityManager: ProcessObserver broadcast disabled
12-20 20:14:59.061 19954 19990 I dxzi    : getHotwordConfigResponse returned.
12-20 20:14:59.065 19954 19989 I dxzi    : (REDACTED) Get the next action %s for requester %s.
12-20 20:14:59.065 19954 19989 I dych    : #addDspHotwordPropertiesToRequestHandlingMetadata
12-20 20:14:59.065 19954 19988 I dych    : (REDACTED) #addDspHotwordPropertiesToRequestHandlingMetadata: properties=%s
12-20 20:14:59.065 19954 19988 I dxzi    : #logRequestHandlingNonErrorEndEvent. Reset requestIdOfFirstError, firstStartErrorCausesRetry and numOfRetriesDoneForHotwordDetectorStartErrors!
12-20 20:14:59.081  1439  1520 I ActivityManager: ProcessObserver broadcast disabled
12-20 20:14:59.104 20082 20082 D ApplicationLoaders: Returning zygote-cached class loader: /system/framework/org.apache.http.legacy.jar
12-20 20:14:59.189 20092 20092 D ApplicationLoaders: Returning zygote-cached class loader: /system/framework/org.apache.http.legacy.jar
12-20 20:14:59.257  1036  1095 I HYPER-HAL: [RequestManager.cpp]acquire(): Acquired ID : 213820867  [20672 / 7]    HINT :      list : [CPUMaxFreq / 2400000]
12-20 20:14:59.257  1439  1475 I system_server: Background young concurrent mark compact GC freed 45MB AllocSpace bytes, 119(2380KB) LOS objects, 22% free, 151MB/196MB, paused 4.049ms,10.934ms total 189.632ms
12-20 20:14:59.305 20092 20092 E ComponentRegistry: java.lang.IllegalStateException: Unbound api:interface com.amazon.alexa.device.api.DeviceInformation
12-20 20:14:59.305 20092 20092 E ComponentRegistry: 	at com.amazon.alexa.protocols.service.api.DefaultComponentRegistry.getOrThrow(Unknown Source:55)
12-20 20:14:59.305 20092 20092 E ComponentRegistry: 	at com.amazon.alexa.protocols.service.api.DefaultComponentRegistry.get(Unknown Source:0)
12-20 20:14:59.308 20092 20092 E ComponentRegistry: java.lang.IllegalStateException: Unbound api:interface com.amazon.alexa.identity.api.IdentityService
12-20 20:14:59.308 20092 20092 E ComponentRegistry: 	at com.amazon.alexa.protocols.service.api.DefaultComponentRegistry.getOrThrow(Unknown Source:55)
12-20 20:14:59.308 20092 20092 E ComponentRegistry: 	at com.amazon.alexa.protocols.service.api.DefaultComponentRegistry.get(Unknown Source:0)
12-20 20:14:59.308 20092 20092 E ComponentRegistry: java.lang.IllegalStateException: Unbound api:interface com.amazon.alexa.device.api.DeviceInformation
12-20 20:14:59.308 20092 20092 E ComponentRegistry: 	at com.amazon.alexa.protocols.service.api.DefaultComponentRegistry.getOrThrow(Unknown Source:55)
12-20 20:14:59.308 20092 20092 E ComponentRegistry: 	at com.amazon.alexa.protocols.service.api.DefaultComponentRegistry.get(Unknown Source:0)
12-20 20:14:59.392  1439  1520 I ActivityManager: ProcessObserver broadcast disabled
12-20 20:14:59.405  1439  1520 I ActivityManager: ProcessObserver broadcast disabled
12-20 20:14:59.455 20142 20142 D ApplicationLoaders: Returning zygote-cached class loader: /system/framework/org.apache.http.legacy.jar
12-20 20:14:59.475 20145 20145 D ApplicationLoaders: Returning zygote-cached class loader: /system/framework/org.apache.http.legacy.jar
12-20 20:14:59.514 20142 20142 E ComponentRegistry: java.lang.IllegalStateException: Unbound api:interface com.amazon.alexa.device.api.DeviceInformation
12-20 20:14:59.514 20142 20142 E ComponentRegistry: 	at com.amazon.alexa.protocols.service.api.DefaultComponentRegistry.getOrThrow(Unknown Source:55)
12-20 20:14:59.514 20142 20142 E ComponentRegistry: 	at com.amazon.alexa.protocols.service.api.DefaultComponentRegistry.get(Unknown Source:0)
12-20 20:14:59.515 20142 20142 E ComponentRegistry: java.lang.IllegalStateException: Unbound api:interface com.amazon.alexa.identity.api.IdentityService
12-20 20:14:59.515 20142 20142 E ComponentRegistry: 	at com.amazon.alexa.protocols.service.api.DefaultComponentRegistry.getOrThrow(Unknown Source:55)
12-20 20:14:59.515 20142 20142 E ComponentRegistry: 	at com.amazon.alexa.protocols.service.api.DefaultComponentRegistry.get(Unknown Source:0)
12-20 20:14:59.516 20142 20142 E ComponentRegistry: java.lang.IllegalStateException: Unbound api:interface com.amazon.alexa.device.api.DeviceInformation
12-20 20:14:59.516 20142 20142 E ComponentRegistry: 	at com.amazon.alexa.protocols.service.api.DefaultComponentRegistry.getOrThrow(Unknown Source:55)
12-20 20:14:59.516 20142 20142 E ComponentRegistry: 	at com.amazon.alexa.protocols.service.api.DefaultComponentRegistry.get(Unknown Source:0)
12-20 20:14:59.552  1439  1873 D NetdEventListenerService: DNS Requested by 144, 10352(com.instagram.android), 4(FAIL), isBlocked=true, 0ms
12-20 20:14:59.569 20145 20145 E ComponentRegistry: java.lang.IllegalStateException: Unbound api:interface com.amazon.alexa.device.api.DeviceInformation
12-20 20:14:59.569 20145 20145 E ComponentRegistry: 	at com.amazon.alexa.protocols.service.api.DefaultComponentRegistry.getOrThrow(Unknown Source:55)
12-20 20:14:59.569 20145 20145 E ComponentRegistry: 	at com.amazon.alexa.protocols.service.api.DefaultComponentRegistry.get(Unknown Source:0)
12-20 20:14:59.572 20145 20145 E ComponentRegistry: java.lang.IllegalStateException: Unbound api:interface com.amazon.alexa.identity.api.IdentityService
12-20 20:14:59.572 20145 20145 E ComponentRegistry: 	at com.amazon.alexa.protocols.service.api.DefaultComponentRegistry.getOrThrow(Unknown Source:55)
12-20 20:14:59.572 20145 20145 E ComponentRegistry: 	at com.amazon.alexa.protocols.service.api.DefaultComponentRegistry.get(Unknown Source:0)
12-20 20:14:59.572 20145 20145 E ComponentRegistry: java.lang.IllegalStateException: Unbound api:interface com.amazon.alexa.device.api.DeviceInformation
12-20 20:14:59.572 20145 20145 E ComponentRegistry: 	at com.amazon.alexa.protocols.service.api.DefaultComponentRegistry.getOrThrow(Unknown Source:55)
12-20 20:14:59.572 20145 20145 E ComponentRegistry: 	at com.amazon.alexa.protocols.service.api.DefaultComponentRegistry.get(Unknown Source:0)
12-20 20:14:59.574 20092 20181 E ComponentRegistry: java.lang.IllegalStateException: Unbound api:interface com.amazon.alexa.identity.api.IdentityService
12-20 20:14:59.574 20092 20181 E ComponentRegistry: 	at com.amazon.alexa.protocols.service.api.DefaultComponentRegistry.getOrThrow(Unknown Source:55)
12-20 20:14:59.574 20092 20181 E ComponentRegistry: 	at com.amazon.alexa.protocols.service.api.DefaultComponentRegistry.get(Unknown Source:0)
12-20 20:14:59.575 20092 20181 E ComponentRegistry: java.lang.IllegalStateException: Unbound api:interface com.amazon.alexa.identity.api.IdentityService
12-20 20:14:59.575 20092 20181 E ComponentRegistry: 	at com.amazon.alexa.protocols.service.api.DefaultComponentRegistry.getOrThrow(Unknown Source:55)
12-20 20:14:59.575 20092 20181 E ComponentRegistry: 	at com.amazon.alexa.protocols.service.api.DefaultComponentRegistry.get(Unknown Source:0)
12-20 20:14:59.582 20092 20181 I DenyListConfiguration: DenyListConfiguration : Syncing from Remote configuration Denylist JSON
12-20 20:14:59.585 20145 20145 I com.amazon.dee.app/MAPInit: Initializing MAP (130050002 / MAPAndroidLib-1.1.348673.0) for app com.amazon.dee.app. MAP release version: 20250605N
12-20 20:14:59.594 20145 20145 I com.amazon.dee.app/MAPInit: Running MAPInit on main thread: true
12-20 20:14:59.618 20145 20190 I DenyListConfiguration: DenyListConfiguration : Syncing from Remote configuration Denylist JSON
12-20 20:14:59.630  1439  1777 I WifiConnectivityMonitor.NCC: [ Transports: WIFI Capabilities: NOT_METERED&INTERNET&NOT_RESTRICTED&TRUSTED&NOT_VPN&VALIDATED&NOT_ROAMING&FOREGROUND&NOT_CONGESTED&NOT_SUSPENDED&NOT_VCN_MANAGED&NOT_BANDWIDTH_CONSTRAINED LinkUpBandwidth>=21348Kbps LinkDnBandwidth>=36782Kbps TransportInfo: <SSID: <unknown ssid>, BSSID: 02:00:00:**:**:00, MAC: 02:00:00:**:**:00, IP: /192.***.*.66, Security type: 2, Supplicant state: COMPLETED, Wi-Fi standard: 11n, RSSI: -63, Link speed: 144Mbps, Tx Link speed: 144Mbps, Max Supported Tx Link speed: 144Mbps, Rx Link speed: 117Mbps, Max Supported Rx Link speed: 144Mbps, Frequency: 2417MHz, Net ID: -1, Metered hint: false, score: 60, isUsable: true, CarrierMerged: false, SubscriptionId: -1, IsPrimary: 1, Trusted: true, Restricted: false, Ephemeral: false, OEM paid: false, OEM private: false, OSU AP: false, FQDN: <none>, Provider friendly name: <none>, Requesting package name: <none><none>MLO Information: , Is TID-To-Link negotiation supported by the AP: false, AP MLD Address: <none>, AP MLO Link Id: <none>, AP MLO Affiliated links: <none>, Vendor Data: <none>> SignalStrength: -63 AdminUids: [1000] SSID: "Milidragovici" UnderlyingNetworks: Null]
12-20 20:14:59.631  1439  1777 D SemWifiApTrafficPriority: onCapabilitiesChanged Wifi:wlan0,mGapiValue:36.782Uplink: 21.348
12-20 20:14:59.634  1439  1840 D SemApeService: Deducted link capacity (M: R=81 T=100) on (wlan0) GoogleAPI(M: R=36 T=21) RSSI=-63 isDefault=false isMlo=false
12-20 20:14:59.636 20092 20180 I AWSKeyValueStore: Detected Android API Level = 36
12-20 20:14:59.665 20092 20181 I DenyListConfiguration: DenyListConfiguration : Syncing from Remote configuration Denylist JSON
12-20 20:14:59.670 20145 20190 I DenyListConfiguration: DenyListConfiguration : Syncing from Remote configuration Denylist JSON
12-20 20:14:59.686  1439  1801 W Binder  : 	at com.android.server.chimera.ChimeraAppClassifier$$ExternalSyntheticLambda1.apply(qb/103248311 6a7b75a76f25bc8ceb7a618c294c5a86f69696ee9c061b0c8434533b0cece984:3)
12-20 20:14:59.686  1439  1801 W Binder  : 	at com.android.server.chimera.ChimeraAppManager.getAppsToKill(qb/103248311 6a7b75a76f25bc8ceb7a618c294c5a86f69696ee9c061b0c8434533b0cece984:789)
12-20 20:14:59.686  1439  1801 W Binder  : 	at com.android.server.chimera.AggressivePolicyHandler.executePolicy(qb/103248311 6a7b75a76f25bc8ceb7a618c294c5a86f69696ee9c061b0c8434533b0cece984:1038)
12-20 20:14:59.686  1439  1801 W Binder  : 	at com.android.server.chimera.PolicyHandler.onPsiMemMonitorEvent(qb/103248311 6a7b75a76f25bc8ceb7a618c294c5a86f69696ee9c061b0c8434533b0cece984:21)
12-20 20:14:59.686  1439  1801 W Binder  : 	at com.android.server.chimera.SystemEventListener$SystemEventHandler.handleMessage(qb/103248311 6a7b75a76f25bc8ceb7a618c294c5a86f69696ee9c061b0c8434533b0cece984:455)
12-20 20:14:59.702 20092 20203 I MetricsTransporter: minerva upload url:https://d7ae3d206ce5366b0f0105dc74e8b013274baf9c15fd9588c12a576fa3ac95c.us-east-1.prod.service.minerva.devices.a2z.com:443/metric-batch
12-20 20:14:59.704 20145 20208 I MetricsTransporter: minerva upload url:https://d7ae3d206ce5366b0f0105dc74e8b013274baf9c15fd9588c12a576fa3ac95c.us-east-1.prod.service.minerva.devices.a2z.com:443/metric-batch
12-20 20:14:59.706 20092 20203 E ComponentRegistry: java.lang.IllegalStateException: Unbound api:interface com.amazon.alexa.identity.api.IdentityService
12-20 20:14:59.706 20092 20203 E ComponentRegistry: 	at com.amazon.alexa.protocols.service.api.DefaultComponentRegistry.getOrThrow(Unknown Source:55)
12-20 20:14:59.706 20092 20203 E ComponentRegistry: 	at com.amazon.alexa.protocols.service.api.DefaultComponentRegistry.get(Unknown Source:0)
12-20 20:14:59.709 20092 20203 I MetricsTransporter: connection: com.android.okhttp.internal.huc.HttpURLConnectionImpl:https://d7ae3d206ce5366b0f0105dc74e8b013274baf9c15fd9588c12a576fa3ac95c.us-east-1.prod.service.minerva.devices.a2z.com:443/metric-batch
12-20 20:14:59.709 20145 20208 I MetricsTransporter: connection: com.android.okhttp.internal.huc.HttpURLConnectionImpl:https://d7ae3d206ce5366b0f0105dc74e8b013274baf9c15fd9588c12a576fa3ac95c.us-east-1.prod.service.minerva.devices.a2z.com:443/metric-batch
12-20 20:14:59.722 20092 20184 I AWSKeyValueStore: Detected Android API Level = 36
12-20 20:14:59.756  1439  1873 D NetdEventListenerService: DNS Requested by 144, 10349(com.amazon.dee.app), SUCCESS, 35ms
12-20 20:14:59.756  1439  1873 D NetdEventListenerService: DNS Requested by 144, 10349(com.amazon.dee.app), SUCCESS, 39ms
12-20 20:14:59.779  1439  1520 I ActivityManager: ProcessObserver broadcast disabled
12-20 20:14:59.812  1439  1737 D ConnectivityService: releasing NetworkRequest [ REQUEST id=21970, [ Capabilities: INTERNET&NOT_RESTRICTED&TRUSTED&NOT_VCN_MANAGED&NOT_BANDWIDTH_CONSTRAINED Uid: 10407 RequestorUid: 10407 RequestorPkg: com.openai.chatgpt UnderlyingNetworks: Null] ] (release request)
12-20 20:14:59.812  1439  1737 D ConnectivityService:  Removing from current network [144 WIFI], leaving 236 requests.
12-20 20:14:59.814 20145 20236 I com.amazon.dee.app/MAPInitTasks: Get DataStorage instance for initialization
12-20 20:14:59.814 20145 20236 I com.amazon.dee.app/MAPInitTasks: Initialize DataStorage instance
12-20 20:14:59.814 20145 20236 I com.amazon.dee.app/MAPInitTasks: Setup DataStorage instance
12-20 20:14:59.834 20672  5057 I GOS:GosService: requestWithJson(), command=perf_data_simple_request, caller=com.samsung.android.game.gametools, param={"params":[{"param":"temp_pst","agg_mode":0,"rate":100},{"param":"fps","agg_mode":0,"rate":100},{"param":"memory","agg_mode":0,"rate":100},{"param":"temp_lrpst","agg_mode":0,"rate":100},{"param":"temp_ap","agg_mode":0,"rate":100},{"param":"latency","agg_mode":0,"rate":100},{"param":"game_fps","agg_mode":0,"rate":100},{"param":"cpu_utilization_1","agg_mode":0,"rate":100},{"param":"cpu_utilization_2","agg_mode":0,"rate":100},{"param":"cpu_utilization_3","agg_mode":0,"rate":100},{"param":"gpu_utilization","agg_mode":0,"rate":100},{"param":"batt_prediction","agg_mode":0,"rate":100},{"param":"batt_prediction_benefit","agg_mode":0,"rate":100},{"param":"batt_prediction_benefit_percent","agg_mode":0,"rate":100},{"param":"batt_prediction_benefit_percent_low","agg_mode":0,"rate":100}],"session":-1,"start":-100,"end":0}
12-20 20:14:59.856  1439  1669 D PowerManagerService: [api] userActivityFromNative : touch displayId=0 eventTime=155126436
12-20 20:14:59.861  1439  1506 I GestureDetector: obtain mCurrentDownEvent. id: 464330683 caller: com.android.server.wm.SystemGesturesPointerEventListener.onPointerEvent:17 com.android.server.wm.PointerEventDispatcher.onInputEvent:51 android.view.InputEventReceiver.dispatchInputEvent:392
12-20 20:14:59.861  1439  1506 I GestureDetector: obtain mCurrentDownEvent. id: 464330683 caller: com.android.server.wm.SystemPerformancePointerEventListener.onPointerEvent:13 com.android.server.wm.PointerEventDispatcher.onInputEvent:51 android.view.InputEventReceiver.dispatchInputEvent:392
12-20 20:14:59.862  1036  1095 I HYPER-HAL: [RequestManager.cpp]acquire(): Acquired ID : 11085014  [4680 / 28]    HINT :      list : [TABoost / 1] [TIMEOUT / 1500]
12-20 20:14:59.863  1036  1095 I HYPER-HAL: [RequestManager.cpp]acquire(): Acquired ID : 213965655  [20672 / 14]    HINT :      list : [USER_TARGET_FPS / 232105]
12-20 20:14:59.866  1439  1737 D ConnectivityService: releasing NetworkRequest [ REQUEST id=22003, [ Capabilities: INTERNET&NOT_RESTRICTED&TRUSTED&NOT_VCN_MANAGED&NOT_BANDWIDTH_CONSTRAINED Uid: 1010255 RequestorUid: 1010255 RequestorPkg: com.google.android.gm UnderlyingNetworks: Null] ] (release request)
12-20 20:14:59.866  1439  1737 D ConnectivityService:  Removing from current network [144 WIFI], leaving 235 requests.
12-20 20:14:59.866  1439  1737 D ConnectivityService: releasing NetworkRequest [ REQUEST id=22006, [ Capabilities: INTERNET&NOT_RESTRICTED&TRUSTED&NOT_VCN_MANAGED&NOT_BANDWIDTH_CONSTRAINED Uid: 1010255 RequestorUid: 1010255 RequestorPkg: com.google.android.gm UnderlyingNetworks: Null] ] (release request)
12-20 20:14:59.866  1439  1737 D ConnectivityService:  Removing from current network [144 WIFI], leaving 233 requests.
12-20 20:14:59.913 20092 20179 I AWSKeyValueStore: Detected Android API Level = 36
12-20 20:14:59.917 20092 20183 I AWSKeyValueStore: Detected Android API Level = 36
12-20 20:14:59.921  1439  1520 I ActivityManager: ProcessObserver broadcast disabled
12-20 20:14:59.926 20145 20236 I com.amazon.dee.app/MAPInitTasks: Start update legacy authportal domain in database if needed
12-20 20:14:59.944 24488 24548 W bt_bta_dm: system/bta/dm/bta_dm_disc.cc:858 bta_dm_disc_sm_execute: state:BTA_DM_DISCOVER_IDLE, event:BTA_DM_API_DISCOVER_EVT[0x0]
12-20 20:14:59.974 20249 20249 D ApplicationLoaders: Returning zygote-cached class loader: /system/framework/org.apache.http.legacy.jar
12-20 20:14:59.981 24488 24500 I BluetoothSocketManagerBinder: createSocketChannel: type=1, serviceName=AMA SPP Server, uuid=931c7e8a-540f-4686-b798-e8df0a2ad9f7, port=-1, from uid/pid=10349/20092
12-20 20:14:59.983 24488 24500 I bt_btif_sock: system/btif/src/btif_sock.cc:182 btsock_listen: Attempting listen for socket connections for device: 00:00:00:00:00:00, type: 1, channel: -1, app_uid: 10349, data_path: 0, hub_id: 0, endpoint_id: 0, max_rx_packet_size: 0
12-20 20:14:59.984 24488 24500 I bt_btif_sock_rfcomm: system/btif/src/btif_sock_rfc.cc:414 btsock_rfc_listen: Adding listening socket service_name: AMA SPP Server - channel: -1
12-20 20:14:59.985 24488 24548 I bt_bta_dm: system/bta/dm/bta_dm_act.cc:1333 bta_dm_set_eir: Generating extended inquiry response packet EIR
12-20 20:14:59.985 24488 24548 I bt_port_api: system/stack/rfcomm/port_api.cc:226 RFCOMM_CreateConnectionWithSecurity: bd_addr=ff:ff:ff:ff:ff:ff, scn=9, is_server=true, mtu=990, uuid=0x0, dlci=18, signal_state=0xb, p_port=0x736889b6f8
12-20 20:15:00.012 20092 20092 I com.amazon.dee.app/MAPInit: Initializing MAP (130050002 / MAPAndroidLib-1.1.348673.0) for app com.amazon.dee.app. MAP release version: 20250605N
12-20 20:15:00.017  1969  1969 W View    : requestLayout() improperly called by com.android.systemui.qs.SecQSGradationDrawableView{74c8a4c V.E...... ......ID 0,0-1080,354 #7f0a0a16 app:id/qs_gradation_view} during layout: running second layout pass
12-20 20:15:00.017  1969  1969 W View    : requestLayout() improperly called by android.widget.FrameLayout{823a95 V.E...... ......I. 0,0-1080,2340 #2} during layout: running second layout pass
12-20 20:15:00.017  1969  1969 W View    : requestLayout() improperly called by android.widget.FrameLayout{98a87aa V.E...... ......ID 0,153-1080,2340 #7f0a0a14 app:id/qs_frame} during layout: running second layout pass
12-20 20:15:00.021 20092 20092 I com.amazon.dee.app/MAPInit: Running MAPInit on main thread: true
12-20 20:15:00.051 20092 20269 I com.amazon.dee.app/MAPInitTasks: Get DataStorage instance for initialization
12-20 20:15:00.051 20092 20269 I com.amazon.dee.app/MAPInitTasks: Initialize DataStorage instance
12-20 20:15:00.051 20092 20269 I com.amazon.dee.app/MAPInitTasks: Setup DataStorage instance
12-20 20:15:00.059  1036  1095 I HYPER-HAL: [RequestManager.cpp]acquire(): Acquired ID : 213820867  [20672 / 7]    HINT :      list : [CPUMaxFreq / 2016000]
12-20 20:15:00.115 19954 11233 I dxzi    : (REDACTED) #onConfigUpdate. requester: %s
12-20 20:15:00.121 19954 19991 I dxzi    : getHotwordConfigResponse returned.
12-20 20:15:00.124 19954 19989 I dxzi    : (REDACTED) Get the next action %s for requester %s.
12-20 20:15:00.124 19954 19989 I dych    : #addDspHotwordPropertiesToRequestHandlingMetadata
12-20 20:15:00.124 19954 19989 I dych    : (REDACTED) #addDspHotwordPropertiesToRequestHandlingMetadata: properties=%s
12-20 20:15:00.124 19954 19989 I dxzi    : #logRequestHandlingNonErrorEndEvent. Reset requestIdOfFirstError, firstStartErrorCausesRetry and numOfRetriesDoneForHotwordDetectorStartErrors!
12-20 20:15:00.130  1439  1520 I ActivityManager: ProcessObserver broadcast disabled
12-20 20:15:00.141 20092 20269 I com.amazon.dee.app/MAPInitTasks: Start update legacy authportal domain in database if needed
12-20 20:15:00.170 20284 20284 D ApplicationLoaders: Returning zygote-cached class loader: /system/framework/org.apache.http.legacy.jar
12-20 20:15:00.184 24488 24548 E stack::sdp: system/stack/sdp/sdp_api.cc:810 SDP_AttrStringCopy: p_attr is NULL
12-20 20:15:00.184 24488 24548 E stack::sdp: system/stack/sdp/sdp_api.cc:810 SDP_AttrStringCopy: p_attr is NULL
12-20 20:15:00.192 24488 24548 E stack::sdp: system/stack/sdp/sdp_api.cc:810 SDP_AttrStringCopy: p_attr is NULL
12-20 20:15:00.192 24488 24548 E stack::sdp: system/stack/sdp/sdp_api.cc:810 SDP_AttrStringCopy: p_attr is NULL
12-20 20:15:00.221  1439  1520 I ActivityManager: ProcessObserver broadcast disabled
12-20 20:15:00.261  1036  1095 I HYPER-HAL: [RequestManager.cpp]releaseLocked(): Released ID : 213820867
12-20 20:15:00.269 20304 20304 D ApplicationLoaders: Returning zygote-cached class loader: /system/framework/org.apache.http.legacy.jar
12-20 20:15:00.359  1036  1095 I HYPER-HAL: [RequestManager.cpp]acquire(): Acquired ID : 213820867  [20672 / 7]    HINT :      list : [CPUMaxFreq / 2016000]
12-20 20:15:00.393  1439  1873 D NetdEventListenerService: DNS Requested by 144, 10349(com.amazon.dee.app), SUCCESS, 57ms
12-20 20:15:00.395 20145 20208 I MetricsTransporter: Consuming response payload.
12-20 20:15:00.400 20092 20203 I MetricsTransporter: Consuming response payload.
12-20 20:15:00.402  1439  4612 W BinderNative: 	at com.android.server.appop.AppOpsService.verifyAndGetBypass(qb/103248311 6a7b75a76f25bc8ceb7a618c294c5a86f69696ee9c061b0c8434533b0cece984:73)
12-20 20:15:00.402  1439  4612 W BinderNative: 	at com.android.server.appop.AppOpsService.verifyAndGetBypass(qb/103248311 6a7b75a76f25bc8ceb7a618c294c5a86f69696ee9c061b0c8434533b0cece984:1)
12-20 20:15:00.402  1439  4612 W BinderNative: 	at com.android.server.appop.AppOpsService.stopWatchingAsyncNoted(qb/103248311 6a7b75a76f25bc8ceb7a618c294c5a86f69696ee9c061b0c8434533b0cece984:21)
12-20 20:15:00.402  1439  4612 W BinderNative: 	at com.android.server.appop.AppOpsService$$ExternalSyntheticLambda1.onInterfaceDied(qb/103248311 6a7b75a76f25bc8ceb7a618c294c5a86f69696ee9c061b0c8434533b0cece984:11)
12-20 20:15:00.407  1036  1095 I HYPER-HAL: [RequestManager.cpp]releaseLocked(): Released ID : 213820867
12-20 20:15:00.409  1439  1737 D ConnectivityService: releasing NetworkRequest [ REQUEST id=21997, [ Capabilities: INTERNET&NOT_RESTRICTED&TRUSTED&NOT_VCN_MANAGED&NOT_BANDWIDTH_CONSTRAINED Uid: 1010239 RequestorUid: 1010239 RequestorPkg: com.google.android.googlequicksearchbox UnderlyingNetworks: Null] ] (release request)
12-20 20:15:00.410  1439  1737 D ConnectivityService:  Removing from current network [144 WIFI], leaving 231 requests.
12-20 20:15:00.422  1439  4597 W ActivityManager: 	at com.android.server.am.ActiveServices.removeConnectionLocked(qb/103248311 6a7b75a76f25bc8ceb7a618c294c5a86f69696ee9c061b0c8434533b0cece984:817)
12-20 20:15:00.422  1439  4597 W ActivityManager: 	at com.android.server.am.ActiveServices.killServicesLocked(qb/103248311 6a7b75a76f25bc8ceb7a618c294c5a86f69696ee9c061b0c8434533b0cece984:23)
12-20 20:15:00.422  1439  4597 W ActivityManager: 	at com.android.server.am.ActivityManagerService.cleanUpApplicationRecordLocked(qb/103248311 6a7b75a76f25bc8ceb7a618c294c5a86f69696ee9c061b0c8434533b0cece984:161)
12-20 20:15:00.422  1439  4597 W ActivityManager: 	at com.android.server.am.ActivityManagerService.handleAppDiedLocked(qb/103248311 6a7b75a76f25bc8ceb7a618c294c5a86f69696ee9c061b0c8434533b0cece984:193)
12-20 20:15:00.422  1439  4597 W ActivityManager: 	at com.android.server.am.ActivityManagerService.appDiedLocked(qb/103248311 6a7b75a76f25bc8ceb7a618c294c5a86f69696ee9c061b0c8434533b0cece984:570)
12-20 20:15:00.422  1439  4597 W ActivityManager: 	at com.android.server.am.ActivityManagerService$AppDeathRecipient.binderDied(qb/103248311 6a7b75a76f25bc8ceb7a618c294c5a86f69696ee9c061b0c8434533b0cece984:17)
12-20 20:15:00.483  3078  3138 I RequestManager_FLP: onOpChanged, op=0 / packageName=com.google.android.projection.gearhead
12-20 20:15:00.498  1439  1520 I ActivityManager: ProcessObserver broadcast disabled
12-20 20:15:00.505  1036  1095 I HYPER-HAL: [RequestManager.cpp]acquire(): Acquired ID : 213820867  [20672 / 7]    HINT :      list : [CPUMaxFreq / 2400000]
12-20 20:15:00.553 24488 24548 E stack::sdp: system/stack/sdp/sdp_api.cc:810 SDP_AttrStringCopy: p_attr is NULL
12-20 20:15:00.553 24488 24548 E stack::sdp: system/stack/sdp/sdp_api.cc:810 SDP_AttrStringCopy: p_attr is NULL
12-20 20:15:00.554 24488 24548 I bt_bta_dm: system/bta/dm/bta_dm_disc.cc:372 bta_dm_execute_queued_discovery_request: No more service discovery queued
12-20 20:15:00.608  1036  1095 I HYPER-HAL: [RequestManager.cpp]acquire(): Acquired ID : 213820867  [20672 / 7]    HINT :      list : [CPUMaxFreq / 2016000]
12-20 20:15:01.050  1439  1873 D NetdEventListenerService: DNS Requested by 144, 10349(com.amazon.dee.app), SUCCESS, 18ms
12-20 20:15:01.359  1036  1095 I HYPER-HAL: [RequestManager.cpp]acquire(): Acquired ID : 213820867  [20672 / 7]    HINT :      list : [CPUMaxFreq / 1632000]
12-20 20:15:01.364  1036 20041 I HYPER-HAL: [RequestManager.cpp]releaseLocked(): Released ID : 11085014
12-20 20:15:01.552  1439  1873 D NetdEventListenerService: DNS Requested by 144, 10045(com.run.tower.defense), SUCCESS, 46ms
12-20 20:15:01.591  8362 20025 I NearbyConnections: Lost BleEndpoint for BlePeripheral BlePeripheral{advertisement=BleAdvertisement { version=2, socketVersion=2, isFast=true, serviceIdHash=null, data=[ 0x23 0x4c 0x38 0x59 0x31 0x11 0x34 0x30 0x29 0x72 0xf2 0xc2 0x76 0xb7 0x1b 0xa8 0xaf 0xe6 0xe1 0xae 0xaf 0xfd 0xbd ], deviceToken=[ 0x4a 0x92 ], rxAdvertisement=null }, dctAdvertisement=null, address=null, psm=0, deviceToken=<ByteString@3a9219b size=2 contents="J\222">, isSecondProfile=false, rxInstantConnectionAdv=null} (with EndpointId L8Y1 and EndpointInfo [ 0x34 0x30 0x29 0x72 0xf2 0xc2 0x76 0xb7 0x1b 0xa8 0xaf 0xe6 0xe1 0xae 0xaf 0xfd 0xbd ]).
12-20 20:15:01.592  8362 20025 I NearbyConnections: Unable to record lost endpoint due to null currentDiscoveryPhase
12-20 20:15:01.592  8362 20025 I NearbyConnections: ClientProxy(82939686) reporting onEndpointLost(L8Y1)
12-20 20:15:01.595  8362 20025 I NearbySharing: NearbySharing Internal event EndpointLost(endpointId=L8Y1)
12-20 20:15:02.103  1439  1669 D PowerManagerService: [api] userActivityFromNative : touch displayId=0 eventTime=155128682
12-20 20:15:02.103  1439  1506 I GestureDetector: obtain mCurrentDownEvent. id: 652646659 caller: com.android.server.wm.SystemGesturesPointerEventListener.onPointerEvent:17 com.android.server.wm.PointerEventDispatcher.onInputEvent:51 android.view.InputEventReceiver.dispatchInputEvent:392
12-20 20:15:02.104  1439  1506 I GestureDetector: obtain mCurrentDownEvent. id: 652646659 caller: com.android.server.wm.SystemPerformancePointerEventListener.onPointerEvent:13 com.android.server.wm.PointerEventDispatcher.onInputEvent:51 android.view.InputEventReceiver.dispatchInputEvent:392
12-20 20:15:02.105  1036  1095 I HYPER-HAL: [RequestManager.cpp]acquire(): Acquired ID : 11085014  [4680 / 28]    HINT :      list : [TABoost / 1] [TIMEOUT / 1500]
12-20 20:15:02.635  1439  1777 I WifiConnectivityMonitor.NCC: [ Transports: WIFI Capabilities: NOT_METERED&INTERNET&NOT_RESTRICTED&TRUSTED&NOT_VPN&VALIDATED&NOT_ROAMING&FOREGROUND&NOT_CONGESTED&NOT_SUSPENDED&NOT_VCN_MANAGED&NOT_BANDWIDTH_CONSTRAINED LinkUpBandwidth>=12798Kbps LinkDnBandwidth>=16041Kbps TransportInfo: <SSID: <unknown ssid>, BSSID: 02:00:00:**:**:00, MAC: 02:00:00:**:**:00, IP: /192.***.*.66, Security type: 2, Supplicant state: COMPLETED, Wi-Fi standard: 11n, RSSI: -66, Link speed: 144Mbps, Tx Link speed: 144Mbps, Max Supported Tx Link speed: 144Mbps, Rx Link speed: 130Mbps, Max Supported Rx Link speed: 144Mbps, Frequency: 2417MHz, Net ID: -1, Metered hint: false, score: 60, isUsable: true, CarrierMerged: false, SubscriptionId: -1, IsPrimary: 1, Trusted: true, Restricted: false, Ephemeral: false, OEM paid: false, OEM private: false, OSU AP: false, FQDN: <none>, Provider friendly name: <none>, Requesting package name: <none><none>MLO Information: , Is TID-To-Link negotiation supported by the AP: false, AP MLD Address: <none>, AP MLO Link Id: <none>, AP MLO Affiliated links: <none>, Vendor Data: <none>> SignalStrength: -66 AdminUids: [1000] SSID: "Milidragovici" UnderlyingNetworks: Null]
12-20 20:15:02.636  1439  1777 D SemWifiApTrafficPriority: onCapabilitiesChanged Wifi:wlan0,mGapiValue:16.041Uplink: 12.798
12-20 20:15:02.637  1439  1840 D SemApeService: Deducted link capacity (M: R=81 T=100) on (wlan0) GoogleAPI(M: R=16 T=12) RSSI=-66 isDefault=false isMlo=false
12-20 20:15:02.944  1439  1506 I GestureDetector: obtain mCurrentDownEvent. id: 704246135 caller: com.android.server.wm.SystemGesturesPointerEventListener.onPointerEvent:17 com.android.server.wm.PointerEventDispatcher.onInputEvent:51 android.view.InputEventReceiver.dispatchInputEvent:392
12-20 20:15:02.944  1439  1506 I GestureDetector: obtain mCurrentDownEvent. id: 704246135 caller: com.android.server.wm.SystemPerformancePointerEventListener.onPointerEvent:13 com.android.server.wm.PointerEventDispatcher.onInputEvent:51 android.view.InputEventReceiver.dispatchInputEvent:392
12-20 20:15:02.947  1036  1095 I HYPER-HAL: [RequestManager.cpp]acquire(): Acquired ID : 11085014  [4680 / 28]    HINT :      list : [TABoost / 1] [TIMEOUT / 1500]
12-20 20:15:03.360  1036  1095 I HYPER-HAL: [RequestManager.cpp]acquire(): Acquired ID : 213820867  [20672 / 7]    HINT :      list : [CPUMaxFreq / 2016000]
12-20 20:15:03.759  1036  1095 I HYPER-HAL: [RequestManager.cpp]acquire(): Acquired ID : 213820867  [20672 / 7]    HINT :      list : [CPUMaxFreq / 1824000]
12-20 20:15:03.862  1036  1095 I HYPER-HAL: [RequestManager.cpp]acquire(): Acquired ID : 213965655  [20672 / 14]    HINT :      list : [USER_TARGET_FPS / 228009]
12-20 20:15:04.106  1036  1095 I HYPER-HAL: [RequestManager.cpp]acquire(): Acquired ID : 213820867  [20672 / 7]    HINT :      list : [CPUMaxFreq / 2016000]
12-20 20:15:04.350  1439  1520 I ActivityManager: ProcessObserver broadcast disabled
12-20 20:15:04.362  1439  1669 D PowerManagerService: [api] userActivityFromNative : touch displayId=0 eventTime=155130940
12-20 20:15:04.362  1439  1506 I GestureDetector: obtain mCurrentDownEvent. id: 273491945 caller: com.android.server.wm.SystemGesturesPointerEventListener.onPointerEvent:17 com.android.server.wm.PointerEventDispatcher.onInputEvent:51 android.view.InputEventReceiver.dispatchInputEvent:392
12-20 20:15:04.362  1439  1506 I GestureDetector: obtain mCurrentDownEvent. id: 273491945 caller: com.android.server.wm.SystemPerformancePointerEventListener.onPointerEvent:13 com.android.server.wm.PointerEventDispatcher.onInputEvent:51 android.view.InputEventReceiver.dispatchInputEvent:392
12-20 20:15:04.365  1036  1095 I HYPER-HAL: [RequestManager.cpp]acquire(): Acquired ID : 11085014  [4680 / 28]    HINT :      list : [TABoost / 1] [TIMEOUT / 1500]
12-20 20:15:04.756  1036  1095 I HYPER-HAL: [RequestManager.cpp]acquire(): Acquired ID : 213820867  [20672 / 7]    HINT :      list : [CPUMaxFreq / 1824000]
12-20 20:15:04.831 20672  5057 I GOS:GosService: requestWithJson(), command=perf_data_simple_request, caller=com.samsung.android.game.gametools, param={"params":[{"param":"temp_pst","agg_mode":0,"rate":100},{"param":"fps","agg_mode":0,"rate":100},{"param":"memory","agg_mode":0,"rate":100},{"param":"temp_lrpst","agg_mode":0,"rate":100},{"param":"temp_ap","agg_mode":0,"rate":100},{"param":"latency","agg_mode":0,"rate":100},{"param":"game_fps","agg_mode":0,"rate":100},{"param":"cpu_utilization_1","agg_mode":0,"rate":100},{"param":"cpu_utilization_2","agg_mode":0,"rate":100},{"param":"cpu_utilization_3","agg_mode":0,"rate":100},{"param":"gpu_utilization","agg_mode":0,"rate":100},{"param":"batt_prediction","agg_mode":0,"rate":100},{"param":"batt_prediction_benefit","agg_mode":0,"rate":100},{"param":"batt_prediction_benefit_percent","agg_mode":0,"rate":100},{"param":"batt_prediction_benefit_percent_low","agg_mode":0,"rate":100}],"session":-1,"start":-100,"end":0}
12-20 20:15:05.101  1439  1506 I GestureDetector: obtain mCurrentDownEvent. id: 221654823 caller: com.android.server.wm.SystemGesturesPointerEventListener.onPointerEvent:17 com.android.server.wm.PointerEventDispatcher.onInputEvent:51 android.view.InputEventReceiver.dispatchInputEvent:392
12-20 20:15:05.101  1439  1506 I GestureDetector: obtain mCurrentDownEvent. id: 221654823 caller: com.android.server.wm.SystemPerformancePointerEventListener.onPointerEvent:13 com.android.server.wm.PointerEventDispatcher.onInputEvent:51 android.view.InputEventReceiver.dispatchInputEvent:392
12-20 20:15:05.102  1036  1095 I HYPER-HAL: [RequestManager.cpp]acquire(): Acquired ID : 11085014  [4680 / 28]    HINT :      list : [TABoost / 1] [TIMEOUT / 1500]
12-20 20:15:05.114  1439  1873 D NetdEventListenerService: DNS Requested by 144, 10352(com.instagram.android), 4(FAIL), isBlocked=true, 0ms
12-20 20:15:05.121  1439  1873 D NetdEventListenerService: DNS Requested by 144, 10352(com.instagram.android), 4(FAIL), isBlocked=true, 0ms
12-20 20:15:05.351  1439  4597 I CAE     : notifyCmdProcessResultObserver(ContextProvider.java:627) - CheckResult = 0, Cause = Success
12-20 20:15:05.457  1036  1095 I HYPER-HAL: [RequestManager.cpp]acquire(): Acquired ID : 213820867  [20672 / 7]    HINT :      list : [CPUMaxFreq / 2016000]
12-20 20:15:05.616  1439  2289 I CAE     : notifyCmdProcessResultObserver(ContextProvider.java:627) - CheckResult = 0, Cause = Success
12-20 20:15:05.808  1036  1095 I HYPER-HAL: [RequestManager.cpp]acquire(): Acquired ID : 213820867  [20672 / 7]    HINT :      list : [CPUMaxFreq / 1632000]
12-20 20:15:06.127  1439  1873 D NetdEventListenerService: DNS Requested by 144, 10352(com.instagram.android), 4(FAIL), isBlocked=true, 0ms
12-20 20:15:06.464  1036  1095 I HYPER-HAL: [RequestManager.cpp]acquire(): Acquired ID : 213820867  [20672 / 7]    HINT :      list : [CPUMaxFreq / 1440000]
12-20 20:15:06.575  3030  3141 W GoogleApiManager: Not showing notification since connectionResult is not user-facing: ConnectionResult{statusCode=API_UNAVAILABLE, resolution=null, message=null, clientMethodKey=null}
12-20 20:15:06.577  3030  3158 W NearbyFastPair: WearApiHelper: failed to get local node id [CONTEXT service_id=265 ]
12-20 20:15:06.577  3030  3158 W NearbyFastPair: java.util.concurrent.ExecutionException: bbkq: 17: API: Wearable.API is not available on this device. Connection failed with: ConnectionResult{statusCode=API_UNAVAILABLE, resolution=null, message=null, clientMethodKey=null}
12-20 20:15:06.577  3030  3158 W NearbyFastPair: Caused by: bbkq: 17: API: Wearable.API is not available on this device. Connection failed with: ConnectionResult{statusCode=API_UNAVAILABLE, resolution=null, message=null, clientMethodKey=null}
12-20 20:15:06.577  3030  3158 W NearbyFastPair: 	at com.google.android.gms.common.api.internal.BasePendingResult.u(:com.google.android.gms@254730035@25.47.30 (260400-833691957):72)
12-20 20:15:06.577  3030  3158 W NearbyFastPair: 	at com.google.android.gms.common.api.internal.BasePendingResult.o(:com.google.android.gms@254730035@25.47.30 (260400-833691957):35)
12-20 20:15:06.578  3030  3158 I NearbyFastPair: (REDACTED) WearApiRetryWrapper: retry#%s
12-20 20:15:06.581  3030  3141 W GoogleApiManager: Not showing notification since connectionResult is not user-facing: ConnectionResult{statusCode=API_UNAVAILABLE, resolution=null, message=null, clientMethodKey=null}
12-20 20:15:06.583  3030  3158 W NearbyFastPair: WearApiHelper: failed to get local node id [CONTEXT service_id=265 ]
12-20 20:15:06.583  3030  3158 W NearbyFastPair: java.util.concurrent.ExecutionException: bbkq: 17: API: Wearable.API is not available on this device. Connection failed with: ConnectionResult{statusCode=API_UNAVAILABLE, resolution=null, message=null, clientMethodKey=null}
12-20 20:15:06.583  3030  3158 W NearbyFastPair: Caused by: bbkq: 17: API: Wearable.API is not available on this device. Connection failed with: ConnectionResult{statusCode=API_UNAVAILABLE, resolution=null, message=null, clientMethodKey=null}
12-20 20:15:06.583  3030  3158 W NearbyFastPair: 	at com.google.android.gms.common.api.internal.BasePendingResult.u(:com.google.android.gms@254730035@25.47.30 (260400-833691957):72)
